Archive member included to satisfy reference by file (symbol)

/home/carol_nasser/EcoDrive/build/lib/libstm32f4_platform.a(queue.c.obj)
                              CMakeFiles/EcoDrive.dir/application/sys.cpp.obj (xQueueGenericCreate)
/home/carol_nasser/EcoDrive/build/lib/libstm32f4_platform.a(tasks.c.obj)
                              CMakeFiles/EcoDrive.dir/application/sys.cpp.obj (xTaskCreate)
/home/carol_nasser/EcoDrive/build/lib/libstm32f4_platform.a(heap_4.c.obj)
                              /home/carol_nasser/EcoDrive/build/lib/libstm32f4_platform.a(queue.c.obj) (pvPortMalloc)
/home/carol_nasser/EcoDrive/build/lib/libstm32f4_platform.a(port.c.obj)
                              /home/carol_nasser/EcoDrive/build/lib/libstm32f4_platform.a(tasks.c.obj) (pxPortInitialiseStack)
/home/carol_nasser/EcoDrive/build/lib/libstm32f4_platform.a(stm32f4xx_hal.c.obj)
                              CMakeFiles/EcoDrive.dir/platform/stm32f4/eldriver/eldriver_mc3p_it.c.obj (uwTickPrio)
/home/carol_nasser/EcoDrive/build/lib/libstm32f4_platform.a(stm32f4xx_hal_pcd.c.obj)
                              CMakeFiles/EcoDrive.dir/platform/stm32f4/stm32f4xx_it.c.obj (HAL_PCD_IRQHandler)
/home/carol_nasser/EcoDrive/build/lib/libstm32f4_platform.a(stm32f4xx_hal_pcd_ex.c.obj)
                              /home/carol_nasser/EcoDrive/build/lib/libstm32f4_platform.a(stm32f4xx_hal_pcd.c.obj) (HAL_PCDEx_LPM_Callback)
/home/carol_nasser/EcoDrive/build/lib/libstm32f4_platform.a(stm32f4xx_hal_rcc.c.obj)
                              /home/carol_nasser/EcoDrive/build/lib/libstm32f4_platform.a(stm32f4xx_hal_pcd.c.obj) (HAL_RCC_GetHCLKFreq)
/home/carol_nasser/EcoDrive/build/lib/libstm32f4_platform.a(stm32f4xx_hal_gpio.c.obj)
                              /home/carol_nasser/EcoDrive/build/lib/libstm32f4_platform.a(stm32f4xx_hal_rcc.c.obj) (HAL_GPIO_Init)
/home/carol_nasser/EcoDrive/build/lib/libstm32f4_platform.a(stm32f4xx_hal_cortex.c.obj)
                              /home/carol_nasser/EcoDrive/build/lib/libstm32f4_platform.a(stm32f4xx_hal.c.obj) (HAL_NVIC_SetPriorityGrouping)
/home/carol_nasser/EcoDrive/build/lib/libstm32f4_platform.a(stm32f4xx_hal_tim.c.obj)
                              CMakeFiles/EcoDrive.dir/platform/stm32f4/eldriver/eldriver_mc3p_it.c.obj (HAL_TIM_Base_Init)
/home/carol_nasser/EcoDrive/build/lib/libstm32f4_platform.a(stm32f4xx_hal_tim_ex.c.obj)
                              /home/carol_nasser/EcoDrive/build/lib/libstm32f4_platform.a(stm32f4xx_hal_tim.c.obj) (TIMEx_DMACommutationCplt)
/home/carol_nasser/EcoDrive/build/lib/libstm32f4_platform.a(stm32f4xx_ll_utils.c.obj)
                              CMakeFiles/EcoDrive.dir/platform/stm32f4/platform.c.obj (LL_SetSystemCoreClock)
/home/carol_nasser/EcoDrive/build/lib/libstm32f4_platform.a(stm32f4xx_ll_gpio.c.obj)
                              CMakeFiles/EcoDrive.dir/platform/stm32f4/eldriver/eldriver_hall.c.obj (LL_GPIO_Init)
/home/carol_nasser/EcoDrive/build/lib/libstm32f4_platform.a(stm32f4xx_ll_tim.c.obj)
                              CMakeFiles/EcoDrive.dir/platform/stm32f4/eldriver/eldriver_hall.c.obj (LL_TIM_Init)
/home/carol_nasser/EcoDrive/build/lib/libstm32f4_platform.a(stm32f4xx_ll_adc.c.obj)
                              CMakeFiles/EcoDrive.dir/platform/stm32f4/eldriver/eldriver_mc3p.c.obj (LL_ADC_CommonInit)
/home/carol_nasser/EcoDrive/build/lib/libstm32f4_platform.a(usb_device.c.obj)
                              CMakeFiles/EcoDrive.dir/platform/stm32f4/eldriver/eldriver_usbcdc.c.obj (MX_USB_DEVICE_Init)
/home/carol_nasser/EcoDrive/build/lib/libstm32f4_platform.a(usbd_desc.c.obj)
                              /home/carol_nasser/EcoDrive/build/lib/libstm32f4_platform.a(usb_device.c.obj) (FS_Desc)
/home/carol_nasser/EcoDrive/build/lib/libstm32f4_platform.a(usbd_cdc_if.c.obj)
                              CMakeFiles/EcoDrive.dir/platform/stm32f4/eldriver/eldriver_usbcdc.c.obj (UserRxBufferFS)
/home/carol_nasser/EcoDrive/build/lib/libstm32f4_platform.a(usbd_conf.c.obj)
                              CMakeFiles/EcoDrive.dir/platform/stm32f4/stm32f4xx_it.c.obj (hpcd_USB_OTG_FS)
/home/carol_nasser/EcoDrive/build/lib/libstm32f4_platform.a(usbd_core.c.obj)
                              /home/carol_nasser/EcoDrive/build/lib/libstm32f4_platform.a(usb_device.c.obj) (USBD_Init)
/home/carol_nasser/EcoDrive/build/lib/libstm32f4_platform.a(usbd_ctlreq.c.obj)
                              /home/carol_nasser/EcoDrive/build/lib/libstm32f4_platform.a(usbd_core.c.obj) (USBD_StdDevReq)
/home/carol_nasser/EcoDrive/build/lib/libstm32f4_platform.a(usbd_ioreq.c.obj)
                              /home/carol_nasser/EcoDrive/build/lib/libstm32f4_platform.a(usbd_ctlreq.c.obj) (USBD_CtlSendData)
/home/carol_nasser/EcoDrive/build/lib/libstm32f4_platform.a(usbd_cdc.c.obj)
                              /home/carol_nasser/EcoDrive/build/lib/libstm32f4_platform.a(usb_device.c.obj) (USBD_CDC)
/home/carol_nasser/EcoDrive/build/lib/libstm32f4_platform.a(list.c.obj)
[...]
Memory Configuration

Name             Origin             Length             Attributes
RAM              0x20000000         0x00010000         xrw
FLASH            0x08000000         0x00040000         xr
*default*        0x00000000         0xffffffff

Linker script and memory map

LOAD /usr/lib/gcc/arm-none-eabi/13.2.1/thumb/v7e-m+fp/hard/crtfastmath.o
LOAD /usr/lib/gcc/arm-none-eabi/13.2.1/thumb/v7e-m+fp/hard/crti.o
LOAD /usr/lib/gcc/arm-none-eabi/13.2.1/thumb/v7e-m+fp/hard/crtbegin.o
LOAD /usr/lib/gcc/arm-none-eabi/13.2.1/../../../arm-none-eabi/lib/thumb/v7e-m+fp/hard/crt0.o
LOAD CMakeFiles/EcoDrive.dir/application/elmotor_pmsm.c.obj
LOAD CMakeFiles/EcoDrive.dir/application/main.cpp.obj
LOAD CMakeFiles/EcoDrive.dir/application/sensor.c.obj
LOAD CMakeFiles/EcoDrive.dir/application/sys.cpp.obj
LOAD CMakeFiles/EcoDrive.dir/middleware/aebfStream.c.obj
LOAD CMakeFiles/EcoDrive.dir/platform/stm32f4/eldriver/eldriver_core.c.obj
LOAD CMakeFiles/EcoDrive.dir/platform/stm32f4/eldriver/eldriver_hall.c.obj
LOAD CMakeFiles/EcoDrive.dir/platform/stm32f4/eldriver/eldriver_mc3p.c.obj
LOAD CMakeFiles/EcoDrive.dir/platform/stm32f4/eldriver/eldriver_mc3p_it.c.obj
LOAD CMakeFiles/EcoDrive.dir/platform/stm32f4/eldriver/eldriver_uart.c.obj
LOAD CMakeFiles/EcoDrive.dir/platform/stm32f4/eldriver/eldriver_usbcdc.c.obj
LOAD CMakeFiles/EcoDrive.dir/platform/stm32f4/startup_stm32f401xc.s.obj
LOAD CMakeFiles/EcoDrive.dir/platform/stm32f4/system_stm32f4xx.c.obj
LOAD CMakeFiles/EcoDrive.dir/platform/stm32f4/stm32f4xx_it.c.obj
LOAD CMakeFiles/EcoDrive.dir/platform/stm32f4/platform.c.obj
LOAD CMakeFiles/EcoDrive.dir/platform/stm32f4/sysmem.c.obj
LOAD CMakeFiles/EcoDrive.dir/platform/stm32f4/syscalls.c.obj
LOAD /home/carol_nasser/EcoDrive/build/lib/libstm32f4_platform.a
LOAD /home/carol_nasser/EcoDrive/build/lib/libCMSISDSP.a
LOAD /usr/lib/gcc/arm-none-eabi/13.2.1/../../../arm-none-eabi/lib/thumb/v7e-m+fp/hard/libstdc++_nano.a
LOAD /usr/lib/gcc/arm-none-eabi/13.2.1/../../../arm-none-eabi/lib/thumb/v7e-m+fp/hard/libm.a
START GROUP
LOAD /usr/lib/gcc/arm-none-eabi/13.2.1/thumb/v7e-m+fp/hard/libgcc.a
LOAD /usr/lib/gcc/arm-none-eabi/13.2.1/../../../arm-none-eabi/lib/thumb/v7e-m+fp/hard/libc_nano.a
END GROUP
START GROUP
LOAD /usr/lib/gcc/arm-none-eabi/13.2.1/thumb/v7e-m+fp/hard/libgcc.a
LOAD /usr/lib/gcc/arm-none-eabi/13.2.1/../../../arm-none-eabi/lib/thumb/v7e-m+fp/hard/libc_nano.a
END GROUP
LOAD /usr/lib/gcc/arm-none-eabi/13.2.1/thumb/v7e-m+fp/hard/crtend.o
LOAD /usr/lib/gcc/arm-none-eabi/13.2.1/thumb/v7e-m+fp/hard/crtn.o
                0x20010000                        _estack = (ORIGIN (RAM) + LENGTH (RAM))
                0x00000100                        _Min_Heap_Size = 0x100
                0x00001000                        _Min_Stack_Size = 0x1000

.isr_vector     0x08000000      0x194
                0x08000000                        . = ALIGN (0x4)
 *(.isr_vector)
 .isr_vector    0x08000000      0x194 CMakeFiles/EcoDrive.dir/platform/stm32f4/startup_stm32f401xc.s.obj
                0x08000000                g_pfnVectors
                0x08000194                        . = ALIGN (0x4)

.text           0x080001a0    0x10f64
                0x080001a0                        . = ALIGN (0x4)
 *(.text)
 .text          0x080001a0       0x88 /usr/lib/gcc/arm-none-eabi/13.2.1/thumb/v7e-m+fp/hard/crtbegin.o
 .text          0x08000228      0x378 /usr/lib/gcc/arm-none-eabi/13.2.1/thumb/v7e-m+fp/hard/libgcc.a(_arm_addsubdf3.o)
                0x08000228                __aeabi_drsub
                0x08000230                __aeabi_dsub
                0x08000230                __subdf3
                0x08000234                __adddf3
                0x08000234                __aeabi_dadd
                0x080004ac                __aeabi_ui2d
                0x080004ac                __floatunsidf
                0x080004cc                __floatsidf
                0x080004cc                __aeabi_i2d
                0x080004f0                __extendsfdf2
                0x080004f0                __aeabi_f2d
                0x08000534                __aeabi_ul2d
                0x08000534                __floatundidf
                0x08000544                __floatdidf
                0x08000544                __aeabi_l2d
 .text          0x080005a0      0x424 /usr/lib/gcc/arm-none-eabi/13.2.1/thumb/v7e-m+fp/hard/libgcc.a(_arm_muldivdf3.o)
                0x080005a0                __aeabi_dmul
                0x080005a0                __muldf3
                0x080007f4                __aeabi_ddiv
                0x080007f4                __divdf3
 .text          0x080009c4       0x50 /usr/lib/gcc/arm-none-eabi/13.2.1/thumb/v7e-m+fp/hard/libgcc.a(_arm_fixdfsi.o)
                0x080009c4                __fixdfsi
                0x080009c4                __aeabi_d2iz
 .text          0x08000a14       0x40 /usr/lib/gcc/arm-none-eabi/13.2.1/thumb/v7e-m+fp/hard/libgcc.a(_arm_fixunsdfsi.o)
                0x08000a14                __fixunsdfsi
                0x08000a14                __aeabi_d2uiz
 .text          0x08000a54       0xa0 /usr/lib/gcc/arm-none-eabi/13.2.1/thumb/v7e-m+fp/hard/libgcc.a(_arm_truncdfsf2.o)
                0x08000a54                __aeabi_d2f
                0x08000a54                __truncdfsf2
 .text          0x08000af4       0x30 /usr/lib/gcc/arm-none-eabi/13.2.1/thumb/v7e-m+fp/hard/libgcc.a(_aeabi_uldivmod.o)
                0x08000af4                __aeabi_uldivmod
 .text          0x08000b24      0x2bc /usr/lib/gcc/arm-none-eabi/13.2.1/thumb/v7e-m+fp/hard/libgcc.a(_udivmoddi4.o)
                0x08000b24                __udivmoddi4
 .text          0x08000de0        0x4 /usr/lib/gcc/arm-none-eabi/13.2.1/thumb/v7e-m+fp/hard/libgcc.a(_dvmd_tls.o)
                0x08000de0                __aeabi_ldiv0
                0x08000de0                __aeabi_idiv0
 .text          0x08000de4       0xec /usr/lib/gcc/arm-none-eabi/13.2.1/../../../arm-none-eabi/lib/thumb/v7e-m+fp/hard/libc_nano.a(libc_a-vsnprintf.o)
                0x08000de4                vsnprintf
                0x08000de4                vsniprintf
                0x08000e5c                _vsnprintf_r
                0x08000e5c                _vsniprintf_r
 .text          0x08000ed0      0x400 /usr/lib/gcc/arm-none-eabi/13.2.1/../../../arm-none-eabi/lib/thumb/v7e-m+fp/hard/libc_nano.a(libc_a-nano-svfprintf.o)
                0x08000ed0                __ssputs_r
                0x08000f90                __ssprint_r
                0x08001098                _svfprintf_r
                0x08001098                _svfiprintf_r
 .text          0x080012d0       0x50 /usr/lib/gcc/arm-none-eabi/13.2.1/../../../arm-none-eabi/lib/thumb/v7e-m+fp/hard/libc_nano.a(libc_a-init.o)
                0x080012d0                __libc_init_array
 .text          0x08001320       0xa4 /usr/lib/gcc/arm-none-eabi/13.2.1/../../../arm-none-eabi/lib/thumb/v7e-m+fp/hard/libc_nano.a(libc_a-memset.o)
                0x08001320                memset
 .text          0x080013c4        0xc /usr/lib/gcc/arm-none-eabi/13.2.1/../../../arm-none-eabi/lib/thumb/v7e-m+fp/hard/libc_nano.a(libc_a-errno.o)
                0x080013c4                __errno
 .text          0x080013d0      0x148 /usr/lib/gcc/arm-none-eabi/13.2.1/../../../arm-none-eabi/lib/thumb/v7e-m+fp/hard/libc_nano.a(libc_a-mallocr.o)
                0x08001418                _malloc_r
 .text          0x08001518       0xbc /usr/lib/gcc/arm-none-eabi/13.2.1/../../../arm-none-eabi/lib/thumb/v7e-m+fp/hard/libc_nano.a(libc_a-freer.o)
                0x08001518                _free_r
 .text          0x080015d4      0x100 /usr/lib/gcc/arm-none-eabi/13.2.1/../../../arm-none-eabi/lib/thumb/v7e-m+fp/hard/libc_nano.a(libc_a-memmove.o)
                0x080015d4                memmove
 *fill*         0x080016d4        0xc 
 .text          0x080016e0       0xa0 /usr/lib/gcc/arm-none-eabi/13.2.1/../../../arm-none-eabi/lib/thumb/v7e-m+fp/hard/libc_nano.a(libc_a-memchr.o)
                0x080016e0                memchr
 .text          0x08001780      0x134 /usr/lib/gcc/arm-none-eabi/13.2.1/../../../arm-none-eabi/lib/thumb/v7e-m+fp/hard/libc_nano.a(libc_a-memcpy.o)
                0x08001780                memcpy
 .text          0x080018b4       0x64 /usr/lib/gcc/arm-none-eabi/13.2.1/../../../arm-none-eabi/lib/thumb/v7e-m+fp/hard/libc_nano.a(libc_a-reallocr.o)
                0x080018b4                _realloc_r
 .text          0x08001918      0x3a8 /usr/lib/gcc/arm-none-eabi/13.2.1/../../../arm-none-eabi/lib/thumb/v7e-m+fp/hard/libc_nano.a(libc_a-nano-vfprintf_i.o)
                0x08001918                _printf_common
                0x08001a3c                _printf_i
 .text          0x08001cc0        0x8 /usr/lib/gcc/arm-none-eabi/13.2.1/../../../arm-none-eabi/lib/thumb/v7e-m+fp/hard/libc_nano.a(libc_a-mlock.o)
                0x08001cc0                __malloc_lock
                0x08001cc4                __malloc_unlock
 .text          0x08001cc8       0x80 /usr/lib/gcc/arm-none-eabi/13.2.1/../../../arm-none-eabi/lib/thumb/v7e-m+fp/hard/libc_nano.a(libc_a-memccpy.o)
                0x08001cc8                memccpy
 .text          0x08001d48       0x48 /usr/lib/gcc/arm-none-eabi/13.2.1/../../../arm-none-eabi/lib/thumb/v7e-m+fp/hard/libc_nano.a(libc_a-printf.o)
                0x08001d48                _printf_r
                0x08001d48                _iprintf_r
                0x08001d68                printf
                0x08001d68                iprintf
 .text          0x08001d90      0x314 /usr/lib/gcc/arm-none-eabi/13.2.1/../../../arm-none-eabi/lib/thumb/v7e-m+fp/hard/libc_nano.a(libc_a-nano-vfprintf.o)
                0x08001dcc                __sfputs_r
                0x08001dfc                __sprint_r
                0x08001e1c                _vfiprintf_r
                0x08001e1c                _vfprintf_r
                0x08002088                vfiprintf
                0x08002088                vfprintf
 .text          0x080020a4       0xa0 /usr/lib/gcc/arm-none-eabi/13.2.1/../../../arm-none-eabi/lib/thumb/v7e-m+fp/hard/libc_nano.a(libc_a-wbuf.o)
                0x080020a4                __swbuf_r
                0x0800212c                __swbuf
 .text          0x08002144       0x24 /usr/lib/gcc/arm-none-eabi/13.2.1/../../../arm-none-eabi/lib/thumb/v7e-m+fp/hard/libc_nano.a(libc_a-sbrkr.o)
                0x08002144                _sbrk_r
 .text          0x08002168       0x10 /usr/lib/gcc/arm-none-eabi/13.2.1/../../../arm-none-eabi/lib/thumb/v7e-m+fp/hard/libc_nano.a(libc_a-msizer.o)
                0x08002168                _malloc_usable_size_r
 .text          0x08002178      0x300 /usr/lib/gcc/arm-none-eabi/13.2.1/../../../arm-none-eabi/lib/thumb/v7e-m+fp/hard/libc_nano.a(libc_a-fvwrite.o)
                0x08002178                __sfvwrite_r
 .text          0x08002478      0x224 /usr/lib/gcc/arm-none-eabi/13.2.1/../../../arm-none-eabi/lib/thumb/v7e-m+fp/hard/libc_nano.a(libc_a-findfp.o)
                0x080025a8                __sfp
                0x0800264c                __sinit
                0x0800266c                __sfp_lock_acquire
                0x08002670                __sfp_lock_release
                0x08002674                __fp_lock_all
                0x08002688                __fp_unlock_all
 .text          0x0800269c      0x1a8 /usr/lib/gcc/arm-none-eabi/13.2.1/../../../arm-none-eabi/lib/thumb/v7e-m+fp/hard/libc_nano.a(libc_a-fflush.o)
                0x0800269c                __sflush_r
                0x080027c0                _fflush_r
                0x080027f8                fflush
 .text          0x08002844       0x44 /usr/lib/gcc/arm-none-eabi/13.2.1/../../../arm-none-eabi/lib/thumb/v7e-m+fp/hard/libc_nano.a(libc_a-fwalk.o)
                0x08002844                _fwalk_sglue
 .text          0x08002888       0xc4 /usr/lib/gcc/arm-none-eabi/13.2.1/../../../arm-none-eabi/lib/thumb/v7e-m+fp/hard/libc_nano.a(libc_a-wsetup.o)
                0x08002888                __swsetup_r
 .text          0x0800294c      0x114 /usr/lib/gcc/arm-none-eabi/13.2.1/../../../arm-none-eabi/lib/thumb/v7e-m+fp/hard/libc_nano.a(libc_a-makebuf.o)
                0x0800294c                __smakebuf_r
                0x08002a10                __swhatbuf_r
 .text          0x08002a60       0x24 /usr/lib/gcc/arm-none-eabi/13.2.1/../../../arm-none-eabi/lib/thumb/v7e-m+fp/hard/libc_nano.a(libc_a-isattyr.o)
                0x08002a60                _isatty_r
 .text          0x08002a84       0x94 /usr/lib/gcc/arm-none-eabi/13.2.1/../../../arm-none-eabi/lib/thumb/v7e-m+fp/hard/libc_nano.a(libc_a-stdio.o)
                0x08002a84                __sread
                0x08002aa8                __seofread
                0x08002aac                __swrite
                0x08002aec                __sseek
                0x08002b10                __sclose
 .text          0x08002b18       0x24 /usr/lib/gcc/arm-none-eabi/13.2.1/../../../arm-none-eabi/lib/thumb/v7e-m+fp/hard/libc_nano.a(libc_a-closer.o)
                0x08002b18                _close_r
 .text          0x08002b3c       0x2c /usr/lib/gcc/arm-none-eabi/13.2.1/../../../arm-none-eabi/lib/thumb/v7e-m+fp/hard/libc_nano.a(libc_a-readr.o)
                0x08002b3c                _read_r
 .text          0x08002b68       0x2c /usr/lib/gcc/arm-none-eabi/13.2.1/../../../arm-none-eabi/lib/thumb/v7e-m+fp/hard/libc_nano.a(libc_a-fstatr.o)
                0x08002b68                _fstat_r
 .text          0x08002b94       0x2c /usr/lib/gcc/arm-none-eabi/13.2.1/../../../arm-none-eabi/lib/thumb/v7e-m+fp/hard/libc_nano.a(libc_a-lseekr.o)
                0x08002b94                _lseek_r
 .text          0x08002bc0       0x2c /usr/lib/gcc/arm-none-eabi/13.2.1/../../../arm-none-eabi/lib/thumb/v7e-m+fp/hard/libc_nano.a(libc_a-writer.o)
                0x08002bc0                _write_r
 *(.text*)
 .text.startup  0x08002bec       0x10 /usr/lib/gcc/arm-none-eabi/13.2.1/thumb/v7e-m+fp/hard/crtfastmath.o
 .text.elmath_increment_roll
                0x08002bfc       0x28 CMakeFiles/EcoDrive.dir/application/elmotor_pmsm.c.obj
 .text.elmath_decrement_roll
                0x08002c24       0x28 CMakeFiles/EcoDrive.dir/application/elmotor_pmsm.c.obj
 .text.elcore_rstream_init
                0x08002c4c       0x58 CMakeFiles/EcoDrive.dir/application/elmotor_pmsm.c.obj
 .text.elcore_rstream_occupied
                0x08002ca4       0x42 CMakeFiles/EcoDrive.dir/application/elmotor_pmsm.c.obj
 .text.elcore_rstream_freeSpace
                0x08002ce6       0x24 CMakeFiles/EcoDrive.dir/application/elmotor_pmsm.c.obj
 .text.elcore_rstream_commitWrite
                0x08002d0a       0x70 CMakeFiles/EcoDrive.dir/application/elmotor_pmsm.c.obj
 .text.elcore_rstream_releaseRead
                0x08002d7a       0x5a CMakeFiles/EcoDrive.dir/application/elmotor_pmsm.c.obj
 .text.elcore_rstream_reserveWrite
                0x08002dd4       0xd2 CMakeFiles/EcoDrive.dir/application/elmotor_pmsm.c.obj
 .text.elcore_rstream_peekRead
                0x08002ea6       0xca CMakeFiles/EcoDrive.dir/application/elmotor_pmsm.c.obj
 .text.elcore_swttimer_elapsed_ticks
                0x08002f70       0x1e CMakeFiles/EcoDrive.dir/application/elmotor_pmsm.c.obj
 .text.elcore_swttimer_timout
                0x08002f8e       0x2a CMakeFiles/EcoDrive.dir/application/elmotor_pmsm.c.obj
 .text.elcore_swttimer_reset
                0x08002fb8       0x1c CMakeFiles/EcoDrive.dir/application/elmotor_pmsm.c.obj
 .text.pos_init
                0x08002fd4       0x18 CMakeFiles/EcoDrive.dir/application/elmotor_pmsm.c.obj
 .text.pos_update
                0x08002fec       0x1a CMakeFiles/EcoDrive.dir/application/elmotor_pmsm.c.obj
 .text.pos_elec_speed
                0x08003006       0x1a CMakeFiles/EcoDrive.dir/application/elmotor_pmsm.c.obj
 .text.pos_set_com_delay_uS
                0x08003020       0x18 CMakeFiles/EcoDrive.dir/application/elmotor_pmsm.c.obj
 .text.pos_set_com_callback
                0x08003038       0x18 CMakeFiles/EcoDrive.dir/application/elmotor_pmsm.c.obj
 .text.eldriver_core_prof_tick
                0x08003050       0x18 CMakeFiles/EcoDrive.dir/application/elmotor_pmsm.c.obj
 .text.eldriver_core_prof_tock
                0x08003068       0x20 CMakeFiles/EcoDrive.dir/application/elmotor_pmsm.c.obj
 .text.elmotor_pmsm_init
                0x08003088       0xc0 CMakeFiles/EcoDrive.dir/application/elmotor_pmsm.c.obj
                0x08003088                elmotor_pmsm_init
 .text.pmsm_stup_trapHall
                0x08003148       0xe0 CMakeFiles/EcoDrive.dir/application/elmotor_pmsm.c.obj
 .text.pmsm_cl_trap
                0x08003228       0x80 CMakeFiles/EcoDrive.dir/application/elmotor_pmsm.c.obj
 .text.pmsm_ol_trap
                0x080032a8      0x288 CMakeFiles/EcoDrive.dir/application/elmotor_pmsm.c.obj
 .text.pmsm_stup_trap
                0x08003530       0x30 CMakeFiles/EcoDrive.dir/application/elmotor_pmsm.c.obj
 .text.pmsm_pwm_loop
                0x08003560      0x284 CMakeFiles/EcoDrive.dir/application/elmotor_pmsm.c.obj
 .text.eldriver_mc3p_sync_postScanCallback
                0x080037e4       0x14 CMakeFiles/EcoDrive.dir/application/elmotor_pmsm.c.obj
                0x080037e4                eldriver_mc3p_sync_postScanCallback
 .text.eldriver_xmc3p_tickerCallback
                0x080037f8        0xe CMakeFiles/EcoDrive.dir/application/elmotor_pmsm.c.obj
                0x080037f8                eldriver_xmc3p_tickerCallback
 *fill*         0x08003806        0x2 
 .text.hall1_ComCallback
                0x08003808       0x80 CMakeFiles/EcoDrive.dir/application/elmotor_pmsm.c.obj
                0x08003808                hall1_ComCallback
 .text.pwmDataBuffer_init
                0x08003888       0x66 CMakeFiles/EcoDrive.dir/application/elmotor_pmsm.c.obj
                0x08003888                pwmDataBuffer_init
 .text.pwmDataBuffer_sample
                0x080038ee       0x42 CMakeFiles/EcoDrive.dir/application/elmotor_pmsm.c.obj
                0x080038ee                pwmDataBuffer_sample
 .text.pwmDataBuffer_pushSample
                0x08003930       0x9e CMakeFiles/EcoDrive.dir/application/elmotor_pmsm.c.obj
                0x08003930                pwmDataBuffer_pushSample
 .text.pwmDataBuffer_readFrame
                0x080039ce       0x48 CMakeFiles/EcoDrive.dir/application/elmotor_pmsm.c.obj
                0x080039ce                pwmDataBuffer_readFrame
 .text.main     0x08003a16        0xc CMakeFiles/EcoDrive.dir/application/main.cpp.obj
                0x08003a16                main
 .text.hall1_update
                0x08003a22        0xe CMakeFiles/EcoDrive.dir/application/sensor.c.obj
                0x08003a22                hall1_update
 .text._Z23aebf_print_string_prio1Pchhh
                0x08003a30       0x7c CMakeFiles/EcoDrive.dir/application/sys.cpp.obj
                0x08003a30                aebf_print_string_prio1(char*, unsigned char, unsigned char, unsigned char)
 .text._Z9print_logPKcz
                0x08003aac       0x44 CMakeFiles/EcoDrive.dir/application/sys.cpp.obj
                0x08003aac                print_log(char const*, ...)
 .text._Z13dummyTask_logPv
                0x08003af0       0x30 CMakeFiles/EcoDrive.dir/application/sys.cpp.obj
                0x08003af0                dummyTask_log(void*)
 .text._Z15dummyTask_debugPv
                0x08003b20       0x12 CMakeFiles/EcoDrive.dir/application/sys.cpp.obj
                0x08003b20                dummyTask_debug(void*)
 *fill*         0x08003b32        0x2 
 .text._Z5xAEBFPv
                0x08003b34       0xe0 CMakeFiles/EcoDrive.dir/application/sys.cpp.obj
                0x08003b34                xAEBF(void*)
 .text._Z8sys_initv
                0x08003c14      0x110 CMakeFiles/EcoDrive.dir/application/sys.cpp.obj
                0x08003c14                sys_init()
 .text.aebf_crc16_modbus
                0x08003d24       0xb4 CMakeFiles/EcoDrive.dir/middleware/aebfStream.c.obj
                0x08003d24                aebf_crc16_modbus
 .text.mcobs_encode
                0x08003dd8       0x70 CMakeFiles/EcoDrive.dir/middleware/aebfStream.c.obj
                0x08003dd8                mcobs_encode
 .text.aebf_encode_frame
                0x08003e48       0xd8 CMakeFiles/EcoDrive.dir/middleware/aebfStream.c.obj
                0x08003e48                aebf_encode_frame
 .text.dwt_init
                0x08003f20       0x34 CMakeFiles/EcoDrive.dir/platform/stm32f4/eldriver/eldriver_core.c.obj
 .text.eldriver_core_init
                0x08003f54       0x14 CMakeFiles/EcoDrive.dir/platform/stm32f4/eldriver/eldriver_core.c.obj
                0x08003f54                eldriver_core_init
 .text.__NVIC_EnableIRQ
                0x08003f68       0x3c CMakeFiles/EcoDrive.dir/platform/stm32f4/eldriver/eldriver_hall.c.obj
 .text.__NVIC_SetPriority
                0x08003fa4       0x54 CMakeFiles/EcoDrive.dir/platform/stm32f4/eldriver/eldriver_hall.c.obj
 .text.LL_TIM_EnableCounter
                0x08003ff8       0x20 CMakeFiles/EcoDrive.dir/platform/stm32f4/eldriver/eldriver_hall.c.obj
 .text.LL_TIM_IC_GetCaptureCH1
                0x08004018       0x18 CMakeFiles/EcoDrive.dir/platform/stm32f4/eldriver/eldriver_hall.c.obj
 .text.LL_TIM_ClearFlag_CC1
                0x08004030       0x1c CMakeFiles/EcoDrive.dir/platform/stm32f4/eldriver/eldriver_hall.c.obj
 .text.LL_TIM_IsActiveFlag_CC1
                0x0800404c       0x26 CMakeFiles/EcoDrive.dir/platform/stm32f4/eldriver/eldriver_hall.c.obj
 .text.LL_TIM_ClearFlag_CC2
                0x08004072       0x1c CMakeFiles/EcoDrive.dir/platform/stm32f4/eldriver/eldriver_hall.c.obj
 .text.LL_TIM_IsActiveFlag_CC2
                0x0800408e       0x26 CMakeFiles/EcoDrive.dir/platform/stm32f4/eldriver/eldriver_hall.c.obj
 .text.LL_TIM_EnableIT_CC1
                0x080040b4       0x20 CMakeFiles/EcoDrive.dir/platform/stm32f4/eldriver/eldriver_hall.c.obj
 .text.LL_TIM_IsEnabledIT_CC1
                0x080040d4       0x26 CMakeFiles/EcoDrive.dir/platform/stm32f4/eldriver/eldriver_hall.c.obj
 .text.LL_TIM_EnableIT_CC2
                0x080040fa       0x20 CMakeFiles/EcoDrive.dir/platform/stm32f4/eldriver/eldriver_hall.c.obj
 .text.LL_TIM_IsEnabledIT_CC2
                0x0800411a       0x26 CMakeFiles/EcoDrive.dir/platform/stm32f4/eldriver/eldriver_hall.c.obj
 .text.LL_APB1_GRP1_EnableClock
                0x08004140       0x30 CMakeFiles/EcoDrive.dir/platform/stm32f4/eldriver/eldriver_hall.c.obj
 .text.LL_GPIO_IsInputPinSet
                0x08004170       0x2a CMakeFiles/EcoDrive.dir/platform/stm32f4/eldriver/eldriver_hall.c.obj
 *fill*         0x0800419a        0x2 
 .text.hall1_gpioRead
                0x0800419c       0x64 CMakeFiles/EcoDrive.dir/platform/stm32f4/eldriver/eldriver_hall.c.obj
                0x0800419c                hall1_gpioRead
 .text.eldriver_hall1_init
                0x08004200      0x180 CMakeFiles/EcoDrive.dir/platform/stm32f4/eldriver/eldriver_hall.c.obj
                0x08004200                eldriver_hall1_init
 .text.eldriver_hall1_setComDelay_uS
                0x08004380       0x30 CMakeFiles/EcoDrive.dir/platform/stm32f4/eldriver/eldriver_hall.c.obj
                0x08004380                eldriver_hall1_setComDelay_uS
 .text.eldriver_hall1_setComCallback
                0x080043b0       0x20 CMakeFiles/EcoDrive.dir/platform/stm32f4/eldriver/eldriver_hall.c.obj
                0x080043b0                eldriver_hall1_setComCallback
 .text.eldriver_hall1_elec_speed
                0x080043d0       0x44 CMakeFiles/EcoDrive.dir/platform/stm32f4/eldriver/eldriver_hall.c.obj
                0x080043d0                eldriver_hall1_elec_speed
 .text.eldriver_hall1_read
                0x08004414       0x18 CMakeFiles/EcoDrive.dir/platform/stm32f4/eldriver/eldriver_hall.c.obj
                0x08004414                eldriver_hall1_read
 .text.TIM2_IRQHandler
                0x0800442c      0x11c CMakeFiles/EcoDrive.dir/platform/stm32f4/eldriver/eldriver_hall.c.obj
                0x0800442c                TIM2_IRQHandler
 .text.__NVIC_EnableIRQ
                0x08004548       0x3c CMakeFiles/EcoDrive.dir/platform/stm32f4/eldriver/eldriver_mc3p.c.obj
 .text.__NVIC_SetPriority
                0x08004584       0x54 CMakeFiles/EcoDrive.dir/platform/stm32f4/eldriver/eldriver_mc3p.c.obj
 .text.LL_ADC_REG_SetSequencerLength
                0x080045d8       0x26 CMakeFiles/EcoDrive.dir/platform/stm32f4/eldriver/eldriver_mc3p.c.obj
 .text.LL_ADC_REG_SetSequencerRanks
                0x080045fe       0x7a CMakeFiles/EcoDrive.dir/platform/stm32f4/eldriver/eldriver_mc3p.c.obj
 .text.LL_ADC_INJ_SetSequencerLength
                0x08004678       0x26 CMakeFiles/EcoDrive.dir/platform/stm32f4/eldriver/eldriver_mc3p.c.obj
 .text.LL_ADC_INJ_SetSequencerRanks
                0x0800469e       0x74 CMakeFiles/EcoDrive.dir/platform/stm32f4/eldriver/eldriver_mc3p.c.obj
 .text.LL_ADC_SetChannelSamplingTime
                0x08004712       0xc2 CMakeFiles/EcoDrive.dir/platform/stm32f4/eldriver/eldriver_mc3p.c.obj
 .text.LL_ADC_Enable
                0x080047d4       0x20 CMakeFiles/EcoDrive.dir/platform/stm32f4/eldriver/eldriver_mc3p.c.obj
 .text.LL_ADC_IsEnabled
                0x080047f4       0x26 CMakeFiles/EcoDrive.dir/platform/stm32f4/eldriver/eldriver_mc3p.c.obj
 .text.LL_ADC_REG_StartConversionSWStart
                0x0800481a       0x20 CMakeFiles/EcoDrive.dir/platform/stm32f4/eldriver/eldriver_mc3p.c.obj
 .text.LL_ADC_REG_ReadConversionData12
                0x0800483a       0x1a CMakeFiles/EcoDrive.dir/platform/stm32f4/eldriver/eldriver_mc3p.c.obj
 .text.LL_ADC_INJ_StartConversionExtTrig
                0x08004854       0x22 CMakeFiles/EcoDrive.dir/platform/stm32f4/eldriver/eldriver_mc3p.c.obj
 .text.LL_ADC_INJ_ReadConversionData12
                0x08004876       0x54 CMakeFiles/EcoDrive.dir/platform/stm32f4/eldriver/eldriver_mc3p.c.obj
 .text.LL_ADC_IsActiveFlag_EOCS
                0x080048ca       0x26 CMakeFiles/EcoDrive.dir/platform/stm32f4/eldriver/eldriver_mc3p.c.obj
 .text.LL_ADC_EnableIT_JEOS
                0x080048f0       0x20 CMakeFiles/EcoDrive.dir/platform/stm32f4/eldriver/eldriver_mc3p.c.obj
 .text.LL_TIM_EnableCounter
                0x08004910       0x20 CMakeFiles/EcoDrive.dir/platform/stm32f4/eldriver/eldriver_mc3p.c.obj
 .text.LL_TIM_SetUpdateSource
                0x08004930       0x26 CMakeFiles/EcoDrive.dir/platform/stm32f4/eldriver/eldriver_mc3p.c.obj
 .text.LL_TIM_EnableARRPreload
                0x08004956       0x20 CMakeFiles/EcoDrive.dir/platform/stm32f4/eldriver/eldriver_mc3p.c.obj
 .text.LL_TIM_GetClockDivision
                0x08004976       0x1c CMakeFiles/EcoDrive.dir/platform/stm32f4/eldriver/eldriver_mc3p.c.obj
 .text.LL_TIM_GetAutoReload
                0x08004992       0x18 CMakeFiles/EcoDrive.dir/platform/stm32f4/eldriver/eldriver_mc3p.c.obj
 .text.LL_TIM_CC_EnablePreload
                0x080049aa       0x20 CMakeFiles/EcoDrive.dir/platform/stm32f4/eldriver/eldriver_mc3p.c.obj
 *fill*         0x080049ca        0x2 
 .text.LL_TIM_OC_EnablePreload
                0x080049cc       0x88 CMakeFiles/EcoDrive.dir/platform/stm32f4/eldriver/eldriver_mc3p.c.obj
 .text.LL_TIM_SetTriggerOutput
                0x08004a54       0x26 CMakeFiles/EcoDrive.dir/platform/stm32f4/eldriver/eldriver_mc3p.c.obj
 .text.LL_TIM_EnableAllOutputs
                0x08004a7a       0x20 CMakeFiles/EcoDrive.dir/platform/stm32f4/eldriver/eldriver_mc3p.c.obj
 *fill*         0x08004a9a        0x2 
 .text.LL_APB2_GRP1_EnableClock
                0x08004a9c       0x30 CMakeFiles/EcoDrive.dir/platform/stm32f4/eldriver/eldriver_mc3p.c.obj
 .text.LL_DMA_EnableStream
                0x08004acc       0x40 CMakeFiles/EcoDrive.dir/platform/stm32f4/eldriver/eldriver_mc3p.c.obj
 .text.LL_DMA_SetDataTransferDirection
                0x08004b0c       0x48 CMakeFiles/EcoDrive.dir/platform/stm32f4/eldriver/eldriver_mc3p.c.obj
 .text.LL_DMA_SetMode
                0x08004b54       0x48 CMakeFiles/EcoDrive.dir/platform/stm32f4/eldriver/eldriver_mc3p.c.obj
 .text.LL_DMA_SetPeriphIncMode
                0x08004b9c       0x48 CMakeFiles/EcoDrive.dir/platform/stm32f4/eldriver/eldriver_mc3p.c.obj
 .text.LL_DMA_SetMemoryIncMode
                0x08004be4       0x48 CMakeFiles/EcoDrive.dir/platform/stm32f4/eldriver/eldriver_mc3p.c.obj
 .text.LL_DMA_SetPeriphSize
                0x08004c2c       0x48 CMakeFiles/EcoDrive.dir/platform/stm32f4/eldriver/eldriver_mc3p.c.obj
 .text.LL_DMA_SetMemorySize
                0x08004c74       0x48 CMakeFiles/EcoDrive.dir/platform/stm32f4/eldriver/eldriver_mc3p.c.obj
 .text.LL_DMA_SetStreamPriorityLevel
                0x08004cbc       0x48 CMakeFiles/EcoDrive.dir/platform/stm32f4/eldriver/eldriver_mc3p.c.obj
 .text.LL_DMA_SetDataLength
                0x08004d04       0x48 CMakeFiles/EcoDrive.dir/platform/stm32f4/eldriver/eldriver_mc3p.c.obj
 .text.LL_DMA_SetChannelSelection
                0x08004d4c       0x48 CMakeFiles/EcoDrive.dir/platform/stm32f4/eldriver/eldriver_mc3p.c.obj
 .text.LL_DMA_DisableFifoMode
                0x08004d94       0x40 CMakeFiles/EcoDrive.dir/platform/stm32f4/eldriver/eldriver_mc3p.c.obj
 .text.LL_DMA_SetMemoryAddress
                0x08004dd4       0x30 CMakeFiles/EcoDrive.dir/platform/stm32f4/eldriver/eldriver_mc3p.c.obj
 .text.LL_DMA_SetPeriphAddress
                0x08004e04       0x30 CMakeFiles/EcoDrive.dir/platform/stm32f4/eldriver/eldriver_mc3p.c.obj
 .text.LL_DMA_IsActiveFlag_HT0
                0x08004e34       0x26 CMakeFiles/EcoDrive.dir/platform/stm32f4/eldriver/eldriver_mc3p.c.obj
 .text.LL_DMA_IsActiveFlag_TC0
                0x08004e5a       0x26 CMakeFiles/EcoDrive.dir/platform/stm32f4/eldriver/eldriver_mc3p.c.obj
 .text.LL_DMA_ClearFlag_HT0
                0x08004e80       0x1a CMakeFiles/EcoDrive.dir/platform/stm32f4/eldriver/eldriver_mc3p.c.obj
 .text.LL_DMA_ClearFlag_TC0
                0x08004e9a       0x1a CMakeFiles/EcoDrive.dir/platform/stm32f4/eldriver/eldriver_mc3p.c.obj
 .text.LL_DMA_EnableIT_HT
                0x08004eb4       0x40 CMakeFiles/EcoDrive.dir/platform/stm32f4/eldriver/eldriver_mc3p.c.obj
 .text.LL_DMA_EnableIT_TC
                0x08004ef4       0x40 CMakeFiles/EcoDrive.dir/platform/stm32f4/eldriver/eldriver_mc3p.c.obj
 .text.adc1_Sample_Single_Channel_Temporary
                0x08004f34       0x6c CMakeFiles/EcoDrive.dir/platform/stm32f4/eldriver/eldriver_mc3p.c.obj
                0x08004f34                adc1_Sample_Single_Channel_Temporary
 .text.mc3p_adc_calibrate
                0x08004fa0       0xfc CMakeFiles/EcoDrive.dir/platform/stm32f4/eldriver/eldriver_mc3p.c.obj
                0x08004fa0                mc3p_adc_calibrate
 .text.mc3p_adc_init
                0x0800509c      0x194 CMakeFiles/EcoDrive.dir/platform/stm32f4/eldriver/eldriver_mc3p.c.obj
                0x0800509c                mc3p_adc_init
 .text.mc3p_gpio_init
                0x08005230      0x234 CMakeFiles/EcoDrive.dir/platform/stm32f4/eldriver/eldriver_mc3p.c.obj
                0x08005230                mc3p_gpio_init
 .text.mc3p_dma_init
                0x08005464       0xd4 CMakeFiles/EcoDrive.dir/platform/stm32f4/eldriver/eldriver_mc3p.c.obj
                0x08005464                mc3p_dma_init
 .text.mc3p_interrupt_init
                0x08005538       0x30 CMakeFiles/EcoDrive.dir/platform/stm32f4/eldriver/eldriver_mc3p.c.obj
                0x08005538                mc3p_interrupt_init
 .text.mc3p_tim1_init
                0x08005568      0x8c8 CMakeFiles/EcoDrive.dir/platform/stm32f4/eldriver/eldriver_mc3p.c.obj
 .text.eldriver_mc3p_init
                0x08005e30       0x7c CMakeFiles/EcoDrive.dir/platform/stm32f4/eldriver/eldriver_mc3p.c.obj
                0x08005e30                eldriver_mc3p_init
 *fill*         0x08005eac        0x4 
 .text.eldriver_mc3p_setScales
                0x08005eb0      0x15c CMakeFiles/EcoDrive.dir/platform/stm32f4/eldriver/eldriver_mc3p.c.obj
                0x08005eb0                eldriver_mc3p_setScales
 .text.eldriver_mc3p_write_phase_state
                0x0800600c      0x1e4 CMakeFiles/EcoDrive.dir/platform/stm32f4/eldriver/eldriver_mc3p.c.obj
                0x0800600c                eldriver_mc3p_write_phase_state
 .text.eldriver_mc3p_write_phase_duty
                0x080061f0       0xc0 CMakeFiles/EcoDrive.dir/platform/stm32f4/eldriver/eldriver_mc3p.c.obj
                0x080061f0                eldriver_mc3p_write_phase_duty
 .text.eldriver_mc3p_write_trap
                0x080062b0       0x98 CMakeFiles/EcoDrive.dir/platform/stm32f4/eldriver/eldriver_mc3p.c.obj
                0x080062b0                eldriver_mc3p_write_trap
 .text.mc3p_adc_mode
                0x08006348       0xd4 CMakeFiles/EcoDrive.dir/platform/stm32f4/eldriver/eldriver_mc3p.c.obj
                0x08006348                mc3p_adc_mode
 .text.mc3p_adc_trap_update
                0x0800641c       0x50 CMakeFiles/EcoDrive.dir/platform/stm32f4/eldriver/eldriver_mc3p.c.obj
                0x0800641c                mc3p_adc_trap_update
 .text.eldriver_mc3p_read_sync
                0x0800646c      0x208 CMakeFiles/EcoDrive.dir/platform/stm32f4/eldriver/eldriver_mc3p.c.obj
                0x0800646c                eldriver_mc3p_read_sync
 .text.DMA2_Stream0_IRQHandler
                0x08006674       0x50 CMakeFiles/EcoDrive.dir/platform/stm32f4/eldriver/eldriver_mc3p.c.obj
                0x08006674                DMA2_Stream0_IRQHandler
 .text.LL_ADC_IsActiveFlag_JEOS
                0x080066c4       0x26 CMakeFiles/EcoDrive.dir/platform/stm32f4/eldriver/eldriver_mc3p_it.c.obj
 .text.LL_ADC_ClearFlag_JEOS
                0x080066ea       0x1c CMakeFiles/EcoDrive.dir/platform/stm32f4/eldriver/eldriver_mc3p_it.c.obj
 .text.LL_TIM_ClearFlag_UPDATE
                0x08006706       0x1c CMakeFiles/EcoDrive.dir/platform/stm32f4/eldriver/eldriver_mc3p_it.c.obj
 .text.LL_TIM_IsActiveFlag_UPDATE
                0x08006722       0x26 CMakeFiles/EcoDrive.dir/platform/stm32f4/eldriver/eldriver_mc3p_it.c.obj
 .text.HAL_InitTick
                0x08006748       0xe0 CMakeFiles/EcoDrive.dir/platform/stm32f4/eldriver/eldriver_mc3p_it.c.obj
                0x08006748                HAL_InitTick
 .text.ADC_IRQHandler
                0x08006828       0x24 CMakeFiles/EcoDrive.dir/platform/stm32f4/eldriver/eldriver_mc3p_it.c.obj
                0x08006828                ADC_IRQHandler
 .text.TIM1_UP_TIM10_IRQHandler
                0x0800684c       0x20 CMakeFiles/EcoDrive.dir/platform/stm32f4/eldriver/eldriver_mc3p_it.c.obj
                0x0800684c                TIM1_UP_TIM10_IRQHandler
 .text.TIM1_TRG_COM_TIM11_IRQHandler
                0x0800686c       0x54 CMakeFiles/EcoDrive.dir/platform/stm32f4/eldriver/eldriver_mc3p_it.c.obj
                0x0800686c                TIM1_TRG_COM_TIM11_IRQHandler
 .text.elcore_rstream_init
                0x080068c0       0x58 CMakeFiles/EcoDrive.dir/platform/stm32f4/eldriver/eldriver_usbcdc.c.obj
 .text.eldriver_usbcdc_init
                0x08006918       0x40 CMakeFiles/EcoDrive.dir/platform/stm32f4/eldriver/eldriver_usbcdc.c.obj
                0x08006918                eldriver_usbcdc_init
 .text.eldriver_usbcdc_write
                0x08006958       0x24 CMakeFiles/EcoDrive.dir/platform/stm32f4/eldriver/eldriver_usbcdc.c.obj
                0x08006958                eldriver_usbcdc_write
 .text.Reset_Handler
                0x0800697c       0x50 CMakeFiles/EcoDrive.dir/platform/stm32f4/startup_stm32f401xc.s.obj
                0x0800697c                Reset_Handler
 .text.Default_Handler
                0x080069cc        0x2 CMakeFiles/EcoDrive.dir/platform/stm32f4/startup_stm32f401xc.s.obj
                0x080069cc                RTC_Alarm_IRQHandler
                0x080069cc                EXTI2_IRQHandler
                0x080069cc                SPI4_IRQHandler
                0x080069cc                TIM1_CC_IRQHandler
                0x080069cc                DMA2_Stream5_IRQHandler
                0x080069cc                DMA1_Stream5_IRQHandler
                0x080069cc                PVD_IRQHandler
                0x080069cc                SDIO_IRQHandler
                0x080069cc                TAMP_STAMP_IRQHandler
                0x080069cc                EXTI3_IRQHandler
                0x080069cc                I2C3_ER_IRQHandler
                0x080069cc                EXTI0_IRQHandler
                0x080069cc                I2C2_EV_IRQHandler
                0x080069cc                DMA1_Stream2_IRQHandler
                0x080069cc                FPU_IRQHandler
                0x080069cc                DMA2_Stream2_IRQHandler
                0x080069cc                SPI1_IRQHandler
                0x080069cc                TIM1_BRK_TIM9_IRQHandler
                0x080069cc                DMA2_Stream3_IRQHandler
                0x080069cc                USART6_IRQHandler
                0x080069cc                TIM4_IRQHandler
                0x080069cc                I2C1_EV_IRQHandler
                0x080069cc                DMA1_Stream6_IRQHandler
                0x080069cc                DMA1_Stream1_IRQHandler
                0x080069cc                TIM3_IRQHandler
                0x080069cc                RCC_IRQHandler
                0x080069cc                Default_Handler
                0x080069cc                EXTI15_10_IRQHandler
                0x080069cc                DMA1_Stream7_IRQHandler
                0x080069cc                TIM5_IRQHandler
                0x080069cc                DMA2_Stream7_IRQHandler
                0x080069cc                I2C3_EV_IRQHandler
                0x080069cc                EXTI9_5_IRQHandler
                0x080069cc                RTC_WKUP_IRQHandler
                0x080069cc                SPI2_IRQHandler
                0x080069cc                DMA1_Stream0_IRQHandler
                0x080069cc                EXTI4_IRQHandler
                0x080069cc                WWDG_IRQHandler
                0x080069cc                OTG_FS_WKUP_IRQHandler
                0x080069cc                EXTI1_IRQHandler
                0x080069cc                USART2_IRQHandler
                0x080069cc                I2C2_ER_IRQHandler
                0x080069cc                DMA2_Stream1_IRQHandler
                0x080069cc                FLASH_IRQHandler
                0x080069cc                DMA2_Stream4_IRQHandler
                0x080069cc                USART1_IRQHandler
                0x080069cc                SPI3_IRQHandler
                0x080069cc                DMA1_Stream4_IRQHandler
                0x080069cc                I2C1_ER_IRQHandler
                0x080069cc                DMA2_Stream6_IRQHandler
                0x080069cc                DMA1_Stream3_IRQHandler
 *fill*         0x080069ce        0x2 
 .text.SystemInit
                0x080069d0       0x24 CMakeFiles/EcoDrive.dir/platform/stm32f4/system_stm32f4xx.c.obj
                0x080069d0                SystemInit
 .text.NMI_Handler
                0x080069f4        0xc CMakeFiles/EcoDrive.dir/platform/stm32f4/stm32f4xx_it.c.obj
                0x080069f4                NMI_Handler
 .text.HardFault_Handler
                0x08006a00       0x14 CMakeFiles/EcoDrive.dir/platform/stm32f4/stm32f4xx_it.c.obj
                0x08006a00                HardFault_Handler
 .text.MemManage_Handler
                0x08006a14        0x8 CMakeFiles/EcoDrive.dir/platform/stm32f4/stm32f4xx_it.c.obj
                0x08006a14                MemManage_Handler
 .text.BusFault_Handler
                0x08006a1c        0x8 CMakeFiles/EcoDrive.dir/platform/stm32f4/stm32f4xx_it.c.obj
                0x08006a1c                BusFault_Handler
 .text.UsageFault_Handler
                0x08006a24        0x8 CMakeFiles/EcoDrive.dir/platform/stm32f4/stm32f4xx_it.c.obj
                0x08006a24                UsageFault_Handler
 .text.DebugMon_Handler
                0x08006a2c        0xe CMakeFiles/EcoDrive.dir/platform/stm32f4/stm32f4xx_it.c.obj
                0x08006a2c                DebugMon_Handler
 *fill*         0x08006a3a        0x2 
 .text.OTG_FS_IRQHandler
                0x08006a3c       0x14 CMakeFiles/EcoDrive.dir/platform/stm32f4/stm32f4xx_it.c.obj
                0x08006a3c                OTG_FS_IRQHandler
 .text.LL_RCC_HSE_EnableCSS
                0x08006a50       0x20 CMakeFiles/EcoDrive.dir/platform/stm32f4/platform.c.obj
 .text.LL_RCC_HSE_Enable
                0x08006a70       0x20 CMakeFiles/EcoDrive.dir/platform/stm32f4/platform.c.obj
 .text.LL_RCC_HSE_IsReady
                0x08006a90       0x28 CMakeFiles/EcoDrive.dir/platform/stm32f4/platform.c.obj
 .text.LL_RCC_SetSysClkSource
                0x08006ab8       0x28 CMakeFiles/EcoDrive.dir/platform/stm32f4/platform.c.obj
 .text.LL_RCC_GetSysClkSource
                0x08006ae0       0x1c CMakeFiles/EcoDrive.dir/platform/stm32f4/platform.c.obj
 .text.LL_RCC_SetAHBPrescaler
                0x08006afc       0x28 CMakeFiles/EcoDrive.dir/platform/stm32f4/platform.c.obj
 .text.LL_RCC_SetAPB1Prescaler
                0x08006b24       0x28 CMakeFiles/EcoDrive.dir/platform/stm32f4/platform.c.obj
 .text.LL_RCC_SetAPB2Prescaler
                0x08006b4c       0x28 CMakeFiles/EcoDrive.dir/platform/stm32f4/platform.c.obj
 .text.LL_RCC_SetTIMPrescaler
                0x08006b74       0x2c CMakeFiles/EcoDrive.dir/platform/stm32f4/platform.c.obj
 .text.LL_RCC_PLL_Enable
                0x08006ba0       0x20 CMakeFiles/EcoDrive.dir/platform/stm32f4/platform.c.obj
 .text.LL_RCC_PLL_IsReady
                0x08006bc0       0x28 CMakeFiles/EcoDrive.dir/platform/stm32f4/platform.c.obj
 .text.LL_RCC_PLL_ConfigDomain_SYS
                0x08006be8       0x4c CMakeFiles/EcoDrive.dir/platform/stm32f4/platform.c.obj
 .text.LL_RCC_PLL_ConfigDomain_48M
                0x08006c34       0x40 CMakeFiles/EcoDrive.dir/platform/stm32f4/platform.c.obj
 .text.LL_FLASH_SetLatency
                0x08006c74       0x28 CMakeFiles/EcoDrive.dir/platform/stm32f4/platform.c.obj
 .text.LL_FLASH_GetLatency
                0x08006c9c       0x1c CMakeFiles/EcoDrive.dir/platform/stm32f4/platform.c.obj
 .text.LL_PWR_SetRegulVoltageScaling
                0x08006cb8       0x28 CMakeFiles/EcoDrive.dir/platform/stm32f4/platform.c.obj
 .text.LL_PWR_IsActiveFlag_VOS
                0x08006ce0       0x28 CMakeFiles/EcoDrive.dir/platform/stm32f4/platform.c.obj
 .text.SystemClock_Config
                0x08006d08       0xbc CMakeFiles/EcoDrive.dir/platform/stm32f4/platform.c.obj
                0x08006d08                SystemClock_Config
 .text.__io_putchar
                0x08006dc4       0x16 CMakeFiles/EcoDrive.dir/platform/stm32f4/platform.c.obj
                0x08006dc4                __io_putchar
 *fill*         0x08006dda        0x2 
 .text.HAL_MspInit
                0x08006ddc       0x58 CMakeFiles/EcoDrive.dir/platform/stm32f4/platform.c.obj
                0x08006ddc                HAL_MspInit
 .text.Error_Handler
                0x08006e34        0xc CMakeFiles/EcoDrive.dir/platform/stm32f4/platform.c.obj
                0x08006e34                Error_Handler
 .text.assert_failed
                0x08006e40       0x16 CMakeFiles/EcoDrive.dir/platform/stm32f4/platform.c.obj
                0x08006e40                assert_failed
 *fill*         0x08006e56        0x2 
 .text.ENABLE_ALL_GPIO_CLOCKS
                0x08006e58       0xc0 CMakeFiles/EcoDrive.dir/platform/stm32f4/platform.c.obj
 .text.platform_init
                0x08006f18       0x14 CMakeFiles/EcoDrive.dir/platform/stm32f4/platform.c.obj
                0x08006f18                platform_init
 .text._sbrk    0x08006f2c       0x6c CMakeFiles/EcoDrive.dir/platform/stm32f4/sysmem.c.obj
                0x08006f2c                _sbrk
 .text._read    0x08006f98       0x3a CMakeFiles/EcoDrive.dir/platform/stm32f4/syscalls.c.obj
                0x08006f98                _read
 .text._write   0x08006fd2       0x38 CMakeFiles/EcoDrive.dir/platform/stm32f4/syscalls.c.obj
                0x08006fd2                _write
 .text._close   0x0800700a       0x18 CMakeFiles/EcoDrive.dir/platform/stm32f4/syscalls.c.obj
                0x0800700a                _close
 .text._fstat   0x08007022       0x20 CMakeFiles/EcoDrive.dir/platform/stm32f4/syscalls.c.obj
                0x08007022                _fstat
 .text._isatty  0x08007042       0x16 CMakeFiles/EcoDrive.dir/platform/stm32f4/syscalls.c.obj
                0x08007042                _isatty
 .text._lseek   0x08007058       0x1a CMakeFiles/EcoDrive.dir/platform/stm32f4/syscalls.c.obj
                0x08007058                _lseek
 *fill*         0x08007072        0x2 
 .text.xQueueGenericReset
                0x08007074       0xd4 /home/carol_nasser/EcoDrive/build/lib/libstm32f4_platform.a(queue.c.obj)
                0x08007074                xQueueGenericReset
 .text.xQueueGenericCreate
                0x08007148       0x6e /home/carol_nasser/EcoDrive/build/lib/libstm32f4_platform.a(queue.c.obj)
                0x08007148                xQueueGenericCreate
 .text.prvInitialiseNewQueue
                0x080071b6       0x46 /home/carol_nasser/EcoDrive/build/lib/libstm32f4_platform.a(queue.c.obj)
 .text.prvInitialiseMutex
                0x080071fc       0x34 /home/carol_nasser/EcoDrive/build/lib/libstm32f4_platform.a(queue.c.obj)
 .text.xQueueCreateMutex
                0x08007230       0x30 /home/carol_nasser/EcoDrive/build/lib/libstm32f4_platform.a(queue.c.obj)
                0x08007230                xQueueCreateMutex
 .text.xQueueGenericSend
                0x08007260      0x204 /home/carol_nasser/EcoDrive/build/lib/libstm32f4_platform.a(queue.c.obj)
                0x08007260                xQueueGenericSend
 .text.xQueueReceive
                0x08007464      0x1c4 /home/carol_nasser/EcoDrive/build/lib/libstm32f4_platform.a(queue.c.obj)
                0x08007464                xQueueReceive
 .text.prvCopyDataToQueue
                0x08007628       0xd4 /home/carol_nasser/EcoDrive/build/lib/libstm32f4_platform.a(queue.c.obj)
 .text.prvCopyDataFromQueue
                0x080076fc       0x4c /home/carol_nasser/EcoDrive/build/lib/libstm32f4_platform.a(queue.c.obj)
 .text.prvUnlockQueue
                0x08007748       0xa4 /home/carol_nasser/EcoDrive/build/lib/libstm32f4_platform.a(queue.c.obj)
 .text.prvIsQueueEmpty
                0x080077ec       0x2c /home/carol_nasser/EcoDrive/build/lib/libstm32f4_platform.a(queue.c.obj)
 .text.prvIsQueueFull
                0x08007818       0x30 /home/carol_nasser/EcoDrive/build/lib/libstm32f4_platform.a(queue.c.obj)
 .text.xTaskCreate
                0x08007848       0x82 /home/carol_nasser/EcoDrive/build/lib/libstm32f4_platform.a(tasks.c.obj)
                0x08007848                xTaskCreate
 .text.prvInitialiseNewTask
                0x080078ca      0x120 /home/carol_nasser/EcoDrive/build/lib/libstm32f4_platform.a(tasks.c.obj)
 *fill*         0x080079ea        0x2 
 .text.prvAddNewTaskToReadyList
                0x080079ec       0xdc /home/carol_nasser/EcoDrive/build/lib/libstm32f4_platform.a(tasks.c.obj)
 .text.vTaskDelay
                0x08007ac8       0x6c /home/carol_nasser/EcoDrive/build/lib/libstm32f4_platform.a(tasks.c.obj)
                0x08007ac8                vTaskDelay
 .text.vTaskStartScheduler
                0x08007b34       0x90 /home/carol_nasser/EcoDrive/build/lib/libstm32f4_platform.a(tasks.c.obj)
                0x08007b34                vTaskStartScheduler
 .text.vTaskSuspendAll
                0x08007bc4       0x1c /home/carol_nasser/EcoDrive/build/lib/libstm32f4_platform.a(tasks.c.obj)
                0x08007bc4                vTaskSuspendAll
 .text.xTaskResumeAll
                0x08007be0      0x13c /home/carol_nasser/EcoDrive/build/lib/libstm32f4_platform.a(tasks.c.obj)
                0x08007be0                xTaskResumeAll
 .text.xTaskIncrementTick
                0x08007d1c      0x174 /home/carol_nasser/EcoDrive/build/lib/libstm32f4_platform.a(tasks.c.obj)
                0x08007d1c                xTaskIncrementTick
 .text.vTaskSwitchContext
                0x08007e90       0xb8 /home/carol_nasser/EcoDrive/build/lib/libstm32f4_platform.a(tasks.c.obj)
                0x08007e90                vTaskSwitchContext
 .text.vTaskPlaceOnEventList
                0x08007f48       0x4c /home/carol_nasser/EcoDrive/build/lib/libstm32f4_platform.a(tasks.c.obj)
                0x08007f48                vTaskPlaceOnEventList
 .text.xTaskRemoveFromEventList
                0x08007f94       0xc8 /home/carol_nasser/EcoDrive/build/lib/libstm32f4_platform.a(tasks.c.obj)
                0x08007f94                xTaskRemoveFromEventList
 .text.vTaskInternalSetTimeOutState
                0x0800805c       0x2c /home/carol_nasser/EcoDrive/build/lib/libstm32f4_platform.a(tasks.c.obj)
                0x0800805c                vTaskInternalSetTimeOutState
 .text.xTaskCheckForTimeOut
                0x08008088       0xc8 /home/carol_nasser/EcoDrive/build/lib/libstm32f4_platform.a(tasks.c.obj)
                0x08008088                xTaskCheckForTimeOut
 .text.vTaskMissedYield
                0x08008150       0x18 /home/carol_nasser/EcoDrive/build/lib/libstm32f4_platform.a(tasks.c.obj)
                0x08008150                vTaskMissedYield
 .text.prvIdleTask
                0x08008168       0x30 /home/carol_nasser/EcoDrive/build/lib/libstm32f4_platform.a(tasks.c.obj)
 .text.prvInitialiseTaskLists
                0x08008198       0x74 /home/carol_nasser/EcoDrive/build/lib/libstm32f4_platform.a(tasks.c.obj)
 .text.prvCheckTasksWaitingTermination
                0x0800820c        0xe /home/carol_nasser/EcoDrive/build/lib/libstm32f4_platform.a(tasks.c.obj)
 *fill*         0x0800821a        0x2 
 .text.prvResetNextTaskUnblockTime
                0x0800821c       0x40 /home/carol_nasser/EcoDrive/build/lib/libstm32f4_platform.a(tasks.c.obj)
 .text.xTaskGetSchedulerState
                0x0800825c       0x3c /home/carol_nasser/EcoDrive/build/lib/libstm32f4_platform.a(tasks.c.obj)
                0x0800825c                xTaskGetSchedulerState
 .text.xTaskPriorityDisinherit
                0x08008298      0x110 /home/carol_nasser/EcoDrive/build/lib/libstm32f4_platform.a(tasks.c.obj)
                0x08008298                xTaskPriorityDisinherit
 .text.ulTaskNotifyTake
                0x080083a8       0x90 /home/carol_nasser/EcoDrive/build/lib/libstm32f4_platform.a(tasks.c.obj)
                0x080083a8                ulTaskNotifyTake
 .text.xTaskGenericNotify
                0x08008438      0x170 /home/carol_nasser/EcoDrive/build/lib/libstm32f4_platform.a(tasks.c.obj)
                0x08008438                xTaskGenericNotify
 .text.prvAddCurrentTaskToDelayedList
                0x080085a8       0xcc /home/carol_nasser/EcoDrive/build/lib/libstm32f4_platform.a(tasks.c.obj)
 .text.pvPortMalloc
                0x08008674      0x19c /home/carol_nasser/EcoDrive/build/lib/libstm32f4_platform.a(heap_4.c.obj)
                0x08008674                pvPortMalloc
 .text.vPortFree
                0x08008810       0xc8 /home/carol_nasser/EcoDrive/build/lib/libstm32f4_platform.a(heap_4.c.obj)
                0x08008810                vPortFree
 .text.prvHeapInit
                0x080088d8       0xc4 /home/carol_nasser/EcoDrive/build/lib/libstm32f4_platform.a(heap_4.c.obj)
 .text.prvInsertBlockIntoFreeList
                0x0800899c       0xb4 /home/carol_nasser/EcoDrive/build/lib/libstm32f4_platform.a(heap_4.c.obj)
 .text.pxPortInitialiseStack
                0x08008a50       0x68 /home/carol_nasser/EcoDrive/build/lib/libstm32f4_platform.a(port.c.obj)
                0x08008a50                pxPortInitialiseStack
 .text.prvTaskExitError
                0x08008ab8       0x5c /home/carol_nasser/EcoDrive/build/lib/libstm32f4_platform.a(port.c.obj)
 *fill*         0x08008b14        0xc 
 .text.SVC_Handler
                0x08008b20       0x28 /home/carol_nasser/EcoDrive/build/lib/libstm32f4_platform.a(port.c.obj)
                0x08008b20                SVC_Handler
 .text.prvPortStartFirstTask
                0x08008b48       0x28 /home/carol_nasser/EcoDrive/build/lib/libstm32f4_platform.a(port.c.obj)
 .text.xPortStartScheduler
                0x08008b70      0x148 /home/carol_nasser/EcoDrive/build/lib/libstm32f4_platform.a(port.c.obj)
                0x08008b70                xPortStartScheduler
 .text.vPortEnterCritical
                0x08008cb8       0x64 /home/carol_nasser/EcoDrive/build/lib/libstm32f4_platform.a(port.c.obj)
                0x08008cb8                vPortEnterCritical
 .text.vPortExitCritical
                0x08008d1c       0x54 /home/carol_nasser/EcoDrive/build/lib/libstm32f4_platform.a(port.c.obj)
                0x08008d1c                vPortExitCritical
 .text.PendSV_Handler
                0x08008d70       0x68 /home/carol_nasser/EcoDrive/build/lib/libstm32f4_platform.a(port.c.obj)
                0x08008d70                PendSV_Handler
 .text.SysTick_Handler
                0x08008dd8       0x44 /home/carol_nasser/EcoDrive/build/lib/libstm32f4_platform.a(port.c.obj)
                0x08008dd8                SysTick_Handler
 .text.vPortSetupTimerInterrupt
                0x08008e1c       0x48 /home/carol_nasser/EcoDrive/build/lib/libstm32f4_platform.a(port.c.obj)
                0x08008e1c                vPortSetupTimerInterrupt
 .text.vPortEnableVFP
                0x08008e64       0x14 /home/carol_nasser/EcoDrive/build/lib/libstm32f4_platform.a(port.c.obj)
 .text.HAL_Init
                0x08008e78       0x44 /home/carol_nasser/EcoDrive/build/lib/libstm32f4_platform.a(stm32f4xx_hal.c.obj)
                0x08008e78                HAL_Init
 .text.HAL_IncTick
                0x08008ebc       0x28 /home/carol_nasser/EcoDrive/build/lib/libstm32f4_platform.a(stm32f4xx_hal.c.obj)
                0x08008ebc                HAL_IncTick
 .text.HAL_GetTick
                0x08008ee4       0x18 /home/carol_nasser/EcoDrive/build/lib/libstm32f4_platform.a(stm32f4xx_hal.c.obj)
                0x08008ee4                HAL_GetTick
 .text.HAL_Delay
                0x08008efc       0x48 /home/carol_nasser/EcoDrive/build/lib/libstm32f4_platform.a(stm32f4xx_hal.c.obj)
                0x08008efc                HAL_Delay
 .text.HAL_PCD_Init
                0x08008f44      0x234 /home/carol_nasser/EcoDrive/build/lib/libstm32f4_platform.a(stm32f4xx_hal_pcd.c.obj)
                0x08008f44                HAL_PCD_Init
 .text.HAL_PCD_Start
                0x08009178       0x6a /home/carol_nasser/EcoDrive/build/lib/libstm32f4_platform.a(stm32f4xx_hal_pcd.c.obj)
                0x08009178                HAL_PCD_Start
 .text.HAL_PCD_IRQHandler
                0x080091e2      0x942 /home/carol_nasser/EcoDrive/build/lib/libstm32f4_platform.a(stm32f4xx_hal_pcd.c.obj)
                0x080091e2                HAL_PCD_IRQHandler
 .text.HAL_PCD_SetAddress
                0x08009b24       0x48 /home/carol_nasser/EcoDrive/build/lib/libstm32f4_platform.a(stm32f4xx_hal_pcd.c.obj)
                0x08009b24                HAL_PCD_SetAddress
 .text.HAL_PCD_EP_Open
                0x08009b6c       0xd4 /home/carol_nasser/EcoDrive/build/lib/libstm32f4_platform.a(stm32f4xx_hal_pcd.c.obj)
                0x08009b6c                HAL_PCD_EP_Open
 .text.HAL_PCD_EP_Close
                0x08009c40       0x94 /home/carol_nasser/EcoDrive/build/lib/libstm32f4_platform.a(stm32f4xx_hal_pcd.c.obj)
                0x08009c40                HAL_PCD_EP_Close
 .text.HAL_PCD_EP_Receive
                0x08009cd4       0x76 /home/carol_nasser/EcoDrive/build/lib/libstm32f4_platform.a(stm32f4xx_hal_pcd.c.obj)
                0x08009cd4                HAL_PCD_EP_Receive
 .text.HAL_PCD_EP_GetRxCount
                0x08009d4a       0x30 /home/carol_nasser/EcoDrive/build/lib/libstm32f4_platform.a(stm32f4xx_hal_pcd.c.obj)
                0x08009d4a                HAL_PCD_EP_GetRxCount
 .text.HAL_PCD_EP_Transmit
                0x08009d7a       0x74 /home/carol_nasser/EcoDrive/build/lib/libstm32f4_platform.a(stm32f4xx_hal_pcd.c.obj)
                0x08009d7a                HAL_PCD_EP_Transmit
 .text.HAL_PCD_EP_SetStall
                0x08009dee       0xc6 /home/carol_nasser/EcoDrive/build/lib/libstm32f4_platform.a(stm32f4xx_hal_pcd.c.obj)
                0x08009dee                HAL_PCD_EP_SetStall
 .text.HAL_PCD_EP_ClrStall
                0x08009eb4       0xac /home/carol_nasser/EcoDrive/build/lib/libstm32f4_platform.a(stm32f4xx_hal_pcd.c.obj)
                0x08009eb4                HAL_PCD_EP_ClrStall
 .text.HAL_PCD_EP_Abort
                0x08009f60       0x62 /home/carol_nasser/EcoDrive/build/lib/libstm32f4_platform.a(stm32f4xx_hal_pcd.c.obj)
                0x08009f60                HAL_PCD_EP_Abort
 .text.PCD_WriteEmptyTxFifo
                0x08009fc2      0x118 /home/carol_nasser/EcoDrive/build/lib/libstm32f4_platform.a(stm32f4xx_hal_pcd.c.obj)
 *fill*         0x0800a0da        0x2 
 .text.PCD_EP_OutXfrComplete_int
                0x0800a0dc      0x1d0 /home/carol_nasser/EcoDrive/build/lib/libstm32f4_platform.a(stm32f4xx_hal_pcd.c.obj)
 .text.PCD_EP_OutSetupPacket_int
                0x0800a2ac       0x8c /home/carol_nasser/EcoDrive/build/lib/libstm32f4_platform.a(stm32f4xx_hal_pcd.c.obj)
 .text.HAL_PCDEx_SetTxFiFo
                0x0800a338       0x8e /home/carol_nasser/EcoDrive/build/lib/libstm32f4_platform.a(stm32f4xx_hal_pcd_ex.c.obj)
                0x0800a338                HAL_PCDEx_SetTxFiFo
 .text.HAL_PCDEx_SetRxFiFo
                0x0800a3c6       0x22 /home/carol_nasser/EcoDrive/build/lib/libstm32f4_platform.a(stm32f4xx_hal_pcd_ex.c.obj)
                0x0800a3c6                HAL_PCDEx_SetRxFiFo
 .text.HAL_PCDEx_LPM_Callback
                0x0800a3e8       0x18 /home/carol_nasser/EcoDrive/build/lib/libstm32f4_platform.a(stm32f4xx_hal_pcd_ex.c.obj)
                0x0800a3e8                HAL_PCDEx_LPM_Callback
 .text.HAL_RCC_GetHCLKFreq
                0x0800a400       0x18 /home/carol_nasser/EcoDrive/build/lib/libstm32f4_platform.a(stm32f4xx_hal_rcc.c.obj)
                0x0800a400                HAL_RCC_GetHCLKFreq
 .text.HAL_RCC_GetPCLK1Freq
                0x0800a418       0x28 /home/carol_nasser/EcoDrive/build/lib/libstm32f4_platform.a(stm32f4xx_hal_rcc.c.obj)
                0x0800a418                HAL_RCC_GetPCLK1Freq
 .text.HAL_RCC_GetPCLK2Freq
                0x0800a440       0x28 /home/carol_nasser/EcoDrive/build/lib/libstm32f4_platform.a(stm32f4xx_hal_rcc.c.obj)
                0x0800a440                HAL_RCC_GetPCLK2Freq
 .text.HAL_RCC_GetClockConfig
                0x0800a468       0x64 /home/carol_nasser/EcoDrive/build/lib/libstm32f4_platform.a(stm32f4xx_hal_rcc.c.obj)
                0x0800a468                HAL_RCC_GetClockConfig
 .text.HAL_RCC_NMI_IRQHandler
                0x0800a4cc       0x28 /home/carol_nasser/EcoDrive/build/lib/libstm32f4_platform.a(stm32f4xx_hal_rcc.c.obj)
                0x0800a4cc                HAL_RCC_NMI_IRQHandler
 .text.HAL_RCC_CSSCallback
                0x0800a4f4        0xe /home/carol_nasser/EcoDrive/build/lib/libstm32f4_platform.a(stm32f4xx_hal_rcc.c.obj)
                0x0800a4f4                HAL_RCC_CSSCallback
 *fill*         0x0800a502        0x2 
 .text.HAL_GPIO_Init
                0x0800a504      0x524 /home/carol_nasser/EcoDrive/build/lib/libstm32f4_platform.a(stm32f4xx_hal_gpio.c.obj)
                0x0800a504                HAL_GPIO_Init
 .text.__NVIC_SetPriorityGrouping
                0x0800aa28       0x48 /home/carol_nasser/EcoDrive/build/lib/libstm32f4_platform.a(stm32f4xx_hal_cortex.c.obj)
 .text.__NVIC_GetPriorityGrouping
                0x0800aa70       0x1c /home/carol_nasser/EcoDrive/build/lib/libstm32f4_platform.a(stm32f4xx_hal_cortex.c.obj)
 .text.__NVIC_EnableIRQ
                0x0800aa8c       0x3c /home/carol_nasser/EcoDrive/build/lib/libstm32f4_platform.a(stm32f4xx_hal_cortex.c.obj)
 .text.__NVIC_SetPriority
                0x0800aac8       0x54 /home/carol_nasser/EcoDrive/build/lib/libstm32f4_platform.a(stm32f4xx_hal_cortex.c.obj)
 .text.NVIC_EncodePriority
                0x0800ab1c       0x66 /home/carol_nasser/EcoDrive/build/lib/libstm32f4_platform.a(stm32f4xx_hal_cortex.c.obj)
 *fill*         0x0800ab82        0x2 
 .text.HAL_NVIC_SetPriorityGrouping
                0x0800ab84       0x40 /home/carol_nasser/EcoDrive/build/lib/libstm32f4_platform.a(stm32f4xx_hal_cortex.c.obj)
                0x0800ab84                HAL_NVIC_SetPriorityGrouping
 .text.HAL_NVIC_SetPriority
                0x0800abc4       0x58 /home/carol_nasser/EcoDrive/build/lib/libstm32f4_platform.a(stm32f4xx_hal_cortex.c.obj)
                0x0800abc4                HAL_NVIC_SetPriority
 .text.HAL_NVIC_EnableIRQ
                0x0800ac1c       0x30 /home/carol_nasser/EcoDrive/build/lib/libstm32f4_platform.a(stm32f4xx_hal_cortex.c.obj)
                0x0800ac1c                HAL_NVIC_EnableIRQ
 .text.HAL_TIM_Base_Init
                0x0800ac4c      0x1dc /home/carol_nasser/EcoDrive/build/lib/libstm32f4_platform.a(stm32f4xx_hal_tim.c.obj)
                0x0800ac4c                HAL_TIM_Base_Init
 .text.HAL_TIM_Base_MspInit
                0x0800ae28       0x14 /home/carol_nasser/EcoDrive/build/lib/libstm32f4_platform.a(stm32f4xx_hal_tim.c.obj)
                0x0800ae28                HAL_TIM_Base_MspInit
 .text.HAL_TIM_Base_Start_IT
                0x0800ae3c      0x124 /home/carol_nasser/EcoDrive/build/lib/libstm32f4_platform.a(stm32f4xx_hal_tim.c.obj)
                0x0800ae3c                HAL_TIM_Base_Start_IT
 .text.TIM_Base_SetConfig
                0x0800af60      0x10c /home/carol_nasser/EcoDrive/build/lib/libstm32f4_platform.a(stm32f4xx_hal_tim.c.obj)
                0x0800af60                TIM_Base_SetConfig
 .text.LL_SetSystemCoreClock
                0x0800b06c       0x20 /home/carol_nasser/EcoDrive/build/lib/libstm32f4_platform.a(stm32f4xx_ll_utils.c.obj)
                0x0800b06c                LL_SetSystemCoreClock
 .text.LL_GPIO_SetPinMode
                0x0800b08c       0x7a /home/carol_nasser/EcoDrive/build/lib/libstm32f4_platform.a(stm32f4xx_ll_gpio.c.obj)
 .text.LL_GPIO_SetPinOutputType
                0x0800b106       0x30 /home/carol_nasser/EcoDrive/build/lib/libstm32f4_platform.a(stm32f4xx_ll_gpio.c.obj)
 .text.LL_GPIO_SetPinSpeed
                0x0800b136       0x7a /home/carol_nasser/EcoDrive/build/lib/libstm32f4_platform.a(stm32f4xx_ll_gpio.c.obj)
 .text.LL_GPIO_SetPinPull
                0x0800b1b0       0x7a /home/carol_nasser/EcoDrive/build/lib/libstm32f4_platform.a(stm32f4xx_ll_gpio.c.obj)
 .text.LL_GPIO_SetAFPin_0_7
                0x0800b22a       0x7a /home/carol_nasser/EcoDrive/build/lib/libstm32f4_platform.a(stm32f4xx_ll_gpio.c.obj)
 .text.LL_GPIO_SetAFPin_8_15
                0x0800b2a4       0x7e /home/carol_nasser/EcoDrive/build/lib/libstm32f4_platform.a(stm32f4xx_ll_gpio.c.obj)
 *fill*         0x0800b322        0x2 
 .text.LL_GPIO_Init
                0x0800b324      0x284 /home/carol_nasser/EcoDrive/build/lib/libstm32f4_platform.a(stm32f4xx_ll_gpio.c.obj)
                0x0800b324                LL_GPIO_Init
 .text.LL_TIM_SetPrescaler
                0x0800b5a8       0x1c /home/carol_nasser/EcoDrive/build/lib/libstm32f4_platform.a(stm32f4xx_ll_tim.c.obj)
 .text.LL_TIM_SetAutoReload
                0x0800b5c4       0x1c /home/carol_nasser/EcoDrive/build/lib/libstm32f4_platform.a(stm32f4xx_ll_tim.c.obj)
 .text.LL_TIM_SetRepetitionCounter
                0x0800b5e0       0x1c /home/carol_nasser/EcoDrive/build/lib/libstm32f4_platform.a(stm32f4xx_ll_tim.c.obj)
 .text.LL_TIM_OC_SetCompareCH1
                0x0800b5fc       0x1c /home/carol_nasser/EcoDrive/build/lib/libstm32f4_platform.a(stm32f4xx_ll_tim.c.obj)
 .text.LL_TIM_OC_SetCompareCH2
                0x0800b618       0x1c /home/carol_nasser/EcoDrive/build/lib/libstm32f4_platform.a(stm32f4xx_ll_tim.c.obj)
 .text.LL_TIM_OC_SetCompareCH3
                0x0800b634       0x1c /home/carol_nasser/EcoDrive/build/lib/libstm32f4_platform.a(stm32f4xx_ll_tim.c.obj)
 .text.LL_TIM_OC_SetCompareCH4
                0x0800b650       0x1c /home/carol_nasser/EcoDrive/build/lib/libstm32f4_platform.a(stm32f4xx_ll_tim.c.obj)
 .text.LL_TIM_GenerateEvent_UPDATE
                0x0800b66c       0x20 /home/carol_nasser/EcoDrive/build/lib/libstm32f4_platform.a(stm32f4xx_ll_tim.c.obj)
 .text.LL_TIM_Init
                0x0800b68c      0x198 /home/carol_nasser/EcoDrive/build/lib/libstm32f4_platform.a(stm32f4xx_ll_tim.c.obj)
                0x0800b68c                LL_TIM_Init
 .text.LL_TIM_OC_Init
                0x0800b824       0x82 /home/carol_nasser/EcoDrive/build/lib/libstm32f4_platform.a(stm32f4xx_ll_tim.c.obj)
                0x0800b824                LL_TIM_OC_Init
 *fill*         0x0800b8a6        0x2 
 .text.LL_TIM_HALLSENSOR_Init
                0x0800b8a8      0x210 /home/carol_nasser/EcoDrive/build/lib/libstm32f4_platform.a(stm32f4xx_ll_tim.c.obj)
                0x0800b8a8                LL_TIM_HALLSENSOR_Init
 .text.LL_TIM_BDTR_Init
                0x0800bab8      0x158 /home/carol_nasser/EcoDrive/build/lib/libstm32f4_platform.a(stm32f4xx_ll_tim.c.obj)
                0x0800bab8                LL_TIM_BDTR_Init
 .text.OC1Config
                0x0800bc10      0x21c /home/carol_nasser/EcoDrive/build/lib/libstm32f4_platform.a(stm32f4xx_ll_tim.c.obj)
 .text.OC2Config
                0x0800be2c      0x20c /home/carol_nasser/EcoDrive/build/lib/libstm32f4_platform.a(stm32f4xx_ll_tim.c.obj)
 .text.OC3Config
                0x0800c038      0x200 /home/carol_nasser/EcoDrive/build/lib/libstm32f4_platform.a(stm32f4xx_ll_tim.c.obj)
 .text.OC4Config
                0x0800c238      0x180 /home/carol_nasser/EcoDrive/build/lib/libstm32f4_platform.a(stm32f4xx_ll_tim.c.obj)
 .text.LL_ADC_SetCommonClock
                0x0800c3b8       0x26 /home/carol_nasser/EcoDrive/build/lib/libstm32f4_platform.a(stm32f4xx_ll_adc.c.obj)
 .text.LL_ADC_REG_SetSequencerLength
                0x0800c3de       0x26 /home/carol_nasser/EcoDrive/build/lib/libstm32f4_platform.a(stm32f4xx_ll_adc.c.obj)
 .text.LL_ADC_INJ_SetSequencerLength
                0x0800c404       0x26 /home/carol_nasser/EcoDrive/build/lib/libstm32f4_platform.a(stm32f4xx_ll_adc.c.obj)
 .text.LL_ADC_IsEnabled
                0x0800c42a       0x26 /home/carol_nasser/EcoDrive/build/lib/libstm32f4_platform.a(stm32f4xx_ll_adc.c.obj)
 .text.LL_ADC_CommonInit
                0x0800c450       0x84 /home/carol_nasser/EcoDrive/build/lib/libstm32f4_platform.a(stm32f4xx_ll_adc.c.obj)
                0x0800c450                LL_ADC_CommonInit
 .text.LL_ADC_Init
                0x0800c4d4       0xdc /home/carol_nasser/EcoDrive/build/lib/libstm32f4_platform.a(stm32f4xx_ll_adc.c.obj)
                0x0800c4d4                LL_ADC_Init
 .text.LL_ADC_REG_Init
                0x0800c5b0      0x2c0 /home/carol_nasser/EcoDrive/build/lib/libstm32f4_platform.a(stm32f4xx_ll_adc.c.obj)
                0x0800c5b0                LL_ADC_REG_Init
 .text.LL_ADC_INJ_Init
                0x0800c870      0x1bc /home/carol_nasser/EcoDrive/build/lib/libstm32f4_platform.a(stm32f4xx_ll_adc.c.obj)
                0x0800c870                LL_ADC_INJ_Init
 .text.MX_USB_DEVICE_Init
                0x0800ca2c       0x60 /home/carol_nasser/EcoDrive/build/lib/libstm32f4_platform.a(usb_device.c.obj)
                0x0800ca2c                MX_USB_DEVICE_Init
 .text.USBD_FS_DeviceDescriptor
                0x0800ca8c       0x24 /home/carol_nasser/EcoDrive/build/lib/libstm32f4_platform.a(usbd_desc.c.obj)
                0x0800ca8c                USBD_FS_DeviceDescriptor
 .text.USBD_FS_LangIDStrDescriptor
                0x0800cab0       0x24 /home/carol_nasser/EcoDrive/build/lib/libstm32f4_platform.a(usbd_desc.c.obj)
                0x0800cab0                USBD_FS_LangIDStrDescriptor
 .text.USBD_FS_ProductStrDescriptor
                0x0800cad4       0x3c /home/carol_nasser/EcoDrive/build/lib/libstm32f4_platform.a(usbd_desc.c.obj)
                0x0800cad4                USBD_FS_ProductStrDescriptor
 .text.USBD_FS_ManufacturerStrDescriptor
                0x0800cb10       0x28 /home/carol_nasser/EcoDrive/build/lib/libstm32f4_platform.a(usbd_desc.c.obj)
                0x0800cb10                USBD_FS_ManufacturerStrDescriptor
 .text.USBD_FS_SerialStrDescriptor
                0x0800cb38       0x24 /home/carol_nasser/EcoDrive/build/lib/libstm32f4_platform.a(usbd_desc.c.obj)
                0x0800cb38                USBD_FS_SerialStrDescriptor
 .text.USBD_FS_ConfigStrDescriptor
                0x0800cb5c       0x3c /home/carol_nasser/EcoDrive/build/lib/libstm32f4_platform.a(usbd_desc.c.obj)
                0x0800cb5c                USBD_FS_ConfigStrDescriptor
 .text.USBD_FS_InterfaceStrDescriptor
                0x0800cb98       0x3c /home/carol_nasser/EcoDrive/build/lib/libstm32f4_platform.a(usbd_desc.c.obj)
                0x0800cb98                USBD_FS_InterfaceStrDescriptor
 .text.Get_SerialNum
                0x0800cbd4       0x58 /home/carol_nasser/EcoDrive/build/lib/libstm32f4_platform.a(usbd_desc.c.obj)
 .text.IntToUnicode
                0x0800cc2c       0x7e /home/carol_nasser/EcoDrive/build/lib/libstm32f4_platform.a(usbd_desc.c.obj)
 .text.elcore_rstream_occupied
                0x0800ccaa       0x42 /home/carol_nasser/EcoDrive/build/lib/libstm32f4_platform.a(usbd_cdc_if.c.obj)
 .text.elcore_rstream_freeSpace
                0x0800ccec       0x24 /home/carol_nasser/EcoDrive/build/lib/libstm32f4_platform.a(usbd_cdc_if.c.obj)
 .text.elcore_rstream_commitWrite
                0x0800cd10       0x70 /home/carol_nasser/EcoDrive/build/lib/libstm32f4_platform.a(usbd_cdc_if.c.obj)
 .text.elcore_rstream_releaseRead
                0x0800cd80       0x5a /home/carol_nasser/EcoDrive/build/lib/libstm32f4_platform.a(usbd_cdc_if.c.obj)
 .text.elcore_rstream_reserveWrite
                0x0800cdda       0xd2 /home/carol_nasser/EcoDrive/build/lib/libstm32f4_platform.a(usbd_cdc_if.c.obj)
 .text.elcore_rstream_peekRead
                0x0800ceac       0xca /home/carol_nasser/EcoDrive/build/lib/libstm32f4_platform.a(usbd_cdc_if.c.obj)
 *fill*         0x0800cf76        0x2 
 .text.CDC_Init_FS
                0x0800cf78       0x28 /home/carol_nasser/EcoDrive/build/lib/libstm32f4_platform.a(usbd_cdc_if.c.obj)
 .text.CDC_DeInit_FS
                0x0800cfa0       0x10 /home/carol_nasser/EcoDrive/build/lib/libstm32f4_platform.a(usbd_cdc_if.c.obj)
 .text.CDC_Control_FS
                0x0800cfb0       0xbc /home/carol_nasser/EcoDrive/build/lib/libstm32f4_platform.a(usbd_cdc_if.c.obj)
 .text.CDC_Receive_FS
                0x0800d06c       0x28 /home/carol_nasser/EcoDrive/build/lib/libstm32f4_platform.a(usbd_cdc_if.c.obj)
 .text.CDC_Transmit_FS
                0x0800d094       0xb0 /home/carol_nasser/EcoDrive/build/lib/libstm32f4_platform.a(usbd_cdc_if.c.obj)
                0x0800d094                CDC_Transmit_FS
 .text.CDC_TransmitCplt_FS
                0x0800d144       0x74 /home/carol_nasser/EcoDrive/build/lib/libstm32f4_platform.a(usbd_cdc_if.c.obj)
 .text.HAL_PCD_MspInit
                0x0800d1b8       0xa8 /home/carol_nasser/EcoDrive/build/lib/libstm32f4_platform.a(usbd_conf.c.obj)
                0x0800d1b8                HAL_PCD_MspInit
 .text.HAL_PCD_SetupStageCallback
                0x0800d260       0x24 /home/carol_nasser/EcoDrive/build/lib/libstm32f4_platform.a(usbd_conf.c.obj)
                0x0800d260                HAL_PCD_SetupStageCallback
 .text.HAL_PCD_DataOutStageCallback
                0x0800d284       0x36 /home/carol_nasser/EcoDrive/build/lib/libstm32f4_platform.a(usbd_conf.c.obj)
                0x0800d284                HAL_PCD_DataOutStageCallback
 .text.HAL_PCD_DataInStageCallback
                0x0800d2ba       0x34 /home/carol_nasser/EcoDrive/build/lib/libstm32f4_platform.a(usbd_conf.c.obj)
                0x0800d2ba                HAL_PCD_DataInStageCallback
 .text.HAL_PCD_SOFCallback
                0x0800d2ee       0x1c /home/carol_nasser/EcoDrive/build/lib/libstm32f4_platform.a(usbd_conf.c.obj)
                0x0800d2ee                HAL_PCD_SOFCallback
 .text.HAL_PCD_ResetCallback
                0x0800d30a       0x3c /home/carol_nasser/EcoDrive/build/lib/libstm32f4_platform.a(usbd_conf.c.obj)
                0x0800d30a                HAL_PCD_ResetCallback
 *fill*         0x0800d346        0x2 
 .text.HAL_PCD_SuspendCallback
                0x0800d348       0x4c /home/carol_nasser/EcoDrive/build/lib/libstm32f4_platform.a(usbd_conf.c.obj)
                0x0800d348                HAL_PCD_SuspendCallback
 .text.HAL_PCD_ResumeCallback
                0x0800d394       0x1c /home/carol_nasser/EcoDrive/build/lib/libstm32f4_platform.a(usbd_conf.c.obj)
                0x0800d394                HAL_PCD_ResumeCallback
 .text.HAL_PCD_ISOOUTIncompleteCallback
                0x0800d3b0       0x24 /home/carol_nasser/EcoDrive/build/lib/libstm32f4_platform.a(usbd_conf.c.obj)
                0x0800d3b0                HAL_PCD_ISOOUTIncompleteCallback
 .text.HAL_PCD_ISOINIncompleteCallback
                0x0800d3d4       0x24 /home/carol_nasser/EcoDrive/build/lib/libstm32f4_platform.a(usbd_conf.c.obj)
                0x0800d3d4                HAL_PCD_ISOINIncompleteCallback
 .text.HAL_PCD_ConnectCallback
                0x0800d3f8       0x1c /home/carol_nasser/EcoDrive/build/lib/libstm32f4_platform.a(usbd_conf.c.obj)
                0x0800d3f8                HAL_PCD_ConnectCallback
 .text.HAL_PCD_DisconnectCallback
                0x0800d414       0x1c /home/carol_nasser/EcoDrive/build/lib/libstm32f4_platform.a(usbd_conf.c.obj)
                0x0800d414                HAL_PCD_DisconnectCallback
 .text.USBD_LL_Init
                0x0800d430       0x98 /home/carol_nasser/EcoDrive/build/lib/libstm32f4_platform.a(usbd_conf.c.obj)
                0x0800d430                USBD_LL_Init
 .text.USBD_LL_Start
                0x0800d4c8       0x36 /home/carol_nasser/EcoDrive/build/lib/libstm32f4_platform.a(usbd_conf.c.obj)
                0x0800d4c8                USBD_LL_Start
 .text.USBD_LL_OpenEP
                0x0800d4fe       0x4c /home/carol_nasser/EcoDrive/build/lib/libstm32f4_platform.a(usbd_conf.c.obj)
                0x0800d4fe                USBD_LL_OpenEP
 .text.USBD_LL_CloseEP
                0x0800d54a       0x3e /home/carol_nasser/EcoDrive/build/lib/libstm32f4_platform.a(usbd_conf.c.obj)
                0x0800d54a                USBD_LL_CloseEP
 .text.USBD_LL_StallEP
                0x0800d588       0x3e /home/carol_nasser/EcoDrive/build/lib/libstm32f4_platform.a(usbd_conf.c.obj)
                0x0800d588                USBD_LL_StallEP
 .text.USBD_LL_ClearStallEP
                0x0800d5c6       0x3e /home/carol_nasser/EcoDrive/build/lib/libstm32f4_platform.a(usbd_conf.c.obj)
                0x0800d5c6                USBD_LL_ClearStallEP
 .text.USBD_LL_IsStallEP
                0x0800d604       0x58 /home/carol_nasser/EcoDrive/build/lib/libstm32f4_platform.a(usbd_conf.c.obj)
                0x0800d604                USBD_LL_IsStallEP
 .text.USBD_LL_SetUSBAddress
                0x0800d65c       0x3e /home/carol_nasser/EcoDrive/build/lib/libstm32f4_platform.a(usbd_conf.c.obj)
                0x0800d65c                USBD_LL_SetUSBAddress
 .text.USBD_LL_Transmit
                0x0800d69a       0x42 /home/carol_nasser/EcoDrive/build/lib/libstm32f4_platform.a(usbd_conf.c.obj)
                0x0800d69a                USBD_LL_Transmit
 .text.USBD_LL_PrepareReceive
                0x0800d6dc       0x42 /home/carol_nasser/EcoDrive/build/lib/libstm32f4_platform.a(usbd_conf.c.obj)
                0x0800d6dc                USBD_LL_PrepareReceive
 .text.USBD_LL_GetRxDataSize
                0x0800d71e       0x26 /home/carol_nasser/EcoDrive/build/lib/libstm32f4_platform.a(usbd_conf.c.obj)
                0x0800d71e                USBD_LL_GetRxDataSize
 .text.USBD_static_malloc
                0x0800d744       0x1c /home/carol_nasser/EcoDrive/build/lib/libstm32f4_platform.a(usbd_conf.c.obj)
                0x0800d744                USBD_static_malloc
 .text.USBD_static_free
                0x0800d760       0x14 /home/carol_nasser/EcoDrive/build/lib/libstm32f4_platform.a(usbd_conf.c.obj)
                0x0800d760                USBD_static_free
 .text.USBD_Get_USB_Status
                0x0800d774       0x58 /home/carol_nasser/EcoDrive/build/lib/libstm32f4_platform.a(usbd_conf.c.obj)
                0x0800d774                USBD_Get_USB_Status
 .text.USBD_Init
                0x0800d7cc       0x60 /home/carol_nasser/EcoDrive/build/lib/libstm32f4_platform.a(usbd_core.c.obj)
                0x0800d7cc                USBD_Init
 .text.USBD_RegisterClass
                0x0800d82c       0x6c /home/carol_nasser/EcoDrive/build/lib/libstm32f4_platform.a(usbd_core.c.obj)
                0x0800d82c                USBD_RegisterClass
 .text.USBD_Start
                0x0800d898       0x18 /home/carol_nasser/EcoDrive/build/lib/libstm32f4_platform.a(usbd_core.c.obj)
                0x0800d898                USBD_Start
 .text.USBD_RunTestMode
                0x0800d8b0       0x16 /home/carol_nasser/EcoDrive/build/lib/libstm32f4_platform.a(usbd_core.c.obj)
                0x0800d8b0                USBD_RunTestMode
 .text.USBD_SetClassConfig
                0x0800d8c6       0x38 /home/carol_nasser/EcoDrive/build/lib/libstm32f4_platform.a(usbd_core.c.obj)
                0x0800d8c6                USBD_SetClassConfig
 .text.USBD_ClrClassConfig
                0x0800d8fe       0x34 /home/carol_nasser/EcoDrive/build/lib/libstm32f4_platform.a(usbd_core.c.obj)
                0x0800d8fe                USBD_ClrClassConfig
 .text.USBD_LL_SetupStage
                0x0800d932       0xaa /home/carol_nasser/EcoDrive/build/lib/libstm32f4_platform.a(usbd_core.c.obj)
                0x0800d932                USBD_LL_SetupStage
 .text.USBD_LL_DataOutStage
                0x0800d9dc      0x178 /home/carol_nasser/EcoDrive/build/lib/libstm32f4_platform.a(usbd_core.c.obj)
                0x0800d9dc                USBD_LL_DataOutStage
 .text.USBD_LL_DataInStage
                0x0800db54      0x176 /home/carol_nasser/EcoDrive/build/lib/libstm32f4_platform.a(usbd_core.c.obj)
                0x0800db54                USBD_LL_DataInStage
 .text.USBD_LL_Reset
                0x0800dcca       0xa6 /home/carol_nasser/EcoDrive/build/lib/libstm32f4_platform.a(usbd_core.c.obj)
                0x0800dcca                USBD_LL_Reset
 .text.USBD_LL_SetSpeed
                0x0800dd70       0x20 /home/carol_nasser/EcoDrive/build/lib/libstm32f4_platform.a(usbd_core.c.obj)
                0x0800dd70                USBD_LL_SetSpeed
 .text.USBD_LL_Suspend
                0x0800dd90       0x38 /home/carol_nasser/EcoDrive/build/lib/libstm32f4_platform.a(usbd_core.c.obj)
                0x0800dd90                USBD_LL_Suspend
 .text.USBD_LL_Resume
                0x0800ddc8       0x30 /home/carol_nasser/EcoDrive/build/lib/libstm32f4_platform.a(usbd_core.c.obj)
                0x0800ddc8                USBD_LL_Resume
 .text.USBD_LL_SOF
                0x0800ddf8       0x40 /home/carol_nasser/EcoDrive/build/lib/libstm32f4_platform.a(usbd_core.c.obj)
                0x0800ddf8                USBD_LL_SOF
 .text.USBD_LL_IsoINIncomplete
                0x0800de38       0x64 /home/carol_nasser/EcoDrive/build/lib/libstm32f4_platform.a(usbd_core.c.obj)
                0x0800de38                USBD_LL_IsoINIncomplete
 .text.USBD_LL_IsoOUTIncomplete
                0x0800de9c       0x64 /home/carol_nasser/EcoDrive/build/lib/libstm32f4_platform.a(usbd_core.c.obj)
                0x0800de9c                USBD_LL_IsoOUTIncomplete
 .text.USBD_LL_DevConnected
                0x0800df00       0x16 /home/carol_nasser/EcoDrive/build/lib/libstm32f4_platform.a(usbd_core.c.obj)
                0x0800df00                USBD_LL_DevConnected
 .text.USBD_LL_DevDisconnected
                0x0800df16       0x46 /home/carol_nasser/EcoDrive/build/lib/libstm32f4_platform.a(usbd_core.c.obj)
                0x0800df16                USBD_LL_DevDisconnected
 .text.USBD_CoreFindIF
                0x0800df5c       0x1a /home/carol_nasser/EcoDrive/build/lib/libstm32f4_platform.a(usbd_core.c.obj)
                0x0800df5c                USBD_CoreFindIF
 .text.USBD_CoreFindEP
                0x0800df76       0x1a /home/carol_nasser/EcoDrive/build/lib/libstm32f4_platform.a(usbd_core.c.obj)
                0x0800df76                USBD_CoreFindEP
 .text.USBD_GetEpDesc
                0x0800df90       0x70 /home/carol_nasser/EcoDrive/build/lib/libstm32f4_platform.a(usbd_core.c.obj)
                0x0800df90                USBD_GetEpDesc
 .text.USBD_GetNextDesc
                0x0800e000       0x38 /home/carol_nasser/EcoDrive/build/lib/libstm32f4_platform.a(usbd_core.c.obj)
                0x0800e000                USBD_GetNextDesc
 .text.SWAPBYTE
                0x0800e038       0x3e /home/carol_nasser/EcoDrive/build/lib/libstm32f4_platform.a(usbd_ctlreq.c.obj)
 *fill*         0x0800e076        0x2 
 .text.USBD_StdDevReq
                0x0800e078       0xe4 /home/carol_nasser/EcoDrive/build/lib/libstm32f4_platform.a(usbd_ctlreq.c.obj)
                0x0800e078                USBD_StdDevReq
 .text.USBD_StdItfReq
                0x0800e15c       0xd8 /home/carol_nasser/EcoDrive/build/lib/libstm32f4_platform.a(usbd_ctlreq.c.obj)
                0x0800e15c                USBD_StdItfReq
 .text.USBD_StdEPReq
                0x0800e234      0x33e /home/carol_nasser/EcoDrive/build/lib/libstm32f4_platform.a(usbd_ctlreq.c.obj)
                0x0800e234                USBD_StdEPReq
 *fill*         0x0800e572        0x2 
 .text.USBD_GetDescriptor
                0x0800e574      0x2d4 /home/carol_nasser/EcoDrive/build/lib/libstm32f4_platform.a(usbd_ctlreq.c.obj)
 .text.USBD_SetAddress
                0x0800e848       0x88 /home/carol_nasser/EcoDrive/build/lib/libstm32f4_platform.a(usbd_ctlreq.c.obj)
 .text.USBD_SetConfig
                0x0800e8d0      0x154 /home/carol_nasser/EcoDrive/build/lib/libstm32f4_platform.a(usbd_ctlreq.c.obj)
 .text.USBD_GetConfig
                0x0800ea24       0x6c /home/carol_nasser/EcoDrive/build/lib/libstm32f4_platform.a(usbd_ctlreq.c.obj)
 .text.USBD_GetStatus
                0x0800ea90       0x68 /home/carol_nasser/EcoDrive/build/lib/libstm32f4_platform.a(usbd_ctlreq.c.obj)
 .text.USBD_SetFeature
                0x0800eaf8       0x52 /home/carol_nasser/EcoDrive/build/lib/libstm32f4_platform.a(usbd_ctlreq.c.obj)
 .text.USBD_ClrFeature
                0x0800eb4a       0x44 /home/carol_nasser/EcoDrive/build/lib/libstm32f4_platform.a(usbd_ctlreq.c.obj)
 .text.USBD_ParseSetupRequest
                0x0800eb8e       0x74 /home/carol_nasser/EcoDrive/build/lib/libstm32f4_platform.a(usbd_ctlreq.c.obj)
                0x0800eb8e                USBD_ParseSetupRequest
 .text.USBD_CtlError
                0x0800ec02       0x22 /home/carol_nasser/EcoDrive/build/lib/libstm32f4_platform.a(usbd_ctlreq.c.obj)
                0x0800ec02                USBD_CtlError
 .text.USBD_GetString
                0x0800ec24       0xa4 /home/carol_nasser/EcoDrive/build/lib/libstm32f4_platform.a(usbd_ctlreq.c.obj)
                0x0800ec24                USBD_GetString
 .text.USBD_GetLen
                0x0800ecc8       0x34 /home/carol_nasser/EcoDrive/build/lib/libstm32f4_platform.a(usbd_ctlreq.c.obj)
 .text.USBD_CtlSendData
                0x0800ecfc       0x3c /home/carol_nasser/EcoDrive/build/lib/libstm32f4_platform.a(usbd_ioreq.c.obj)
                0x0800ecfc                USBD_CtlSendData
 .text.USBD_CtlContinueSendData
                0x0800ed38       0x22 /home/carol_nasser/EcoDrive/build/lib/libstm32f4_platform.a(usbd_ioreq.c.obj)
                0x0800ed38                USBD_CtlContinueSendData
 .text.USBD_CtlPrepareRx
                0x0800ed5a       0x42 /home/carol_nasser/EcoDrive/build/lib/libstm32f4_platform.a(usbd_ioreq.c.obj)
                0x0800ed5a                USBD_CtlPrepareRx
 .text.USBD_CtlContinueRx
                0x0800ed9c       0x22 /home/carol_nasser/EcoDrive/build/lib/libstm32f4_platform.a(usbd_ioreq.c.obj)
                0x0800ed9c                USBD_CtlContinueRx
 .text.USBD_CtlSendStatus
                0x0800edbe       0x26 /home/carol_nasser/EcoDrive/build/lib/libstm32f4_platform.a(usbd_ioreq.c.obj)
                0x0800edbe                USBD_CtlSendStatus
 .text.USBD_CtlReceiveStatus
                0x0800ede4       0x26 /home/carol_nasser/EcoDrive/build/lib/libstm32f4_platform.a(usbd_ioreq.c.obj)
                0x0800ede4                USBD_CtlReceiveStatus
 *fill*         0x0800ee0a        0x2 
 .text.USBD_CDC_Init
                0x0800ee0c      0x1f0 /home/carol_nasser/EcoDrive/build/lib/libstm32f4_platform.a(usbd_cdc.c.obj)
 .text.USBD_CDC_DeInit
                0x0800effc      0x104 /home/carol_nasser/EcoDrive/build/lib/libstm32f4_platform.a(usbd_cdc.c.obj)
 .text.USBD_CDC_Setup
                0x0800f100      0x1b8 /home/carol_nasser/EcoDrive/build/lib/libstm32f4_platform.a(usbd_cdc.c.obj)
 .text.USBD_CDC_DataIn
                0x0800f2b8       0xfe /home/carol_nasser/EcoDrive/build/lib/libstm32f4_platform.a(usbd_cdc.c.obj)
 .text.USBD_CDC_DataOut
                0x0800f3b6       0x70 /home/carol_nasser/EcoDrive/build/lib/libstm32f4_platform.a(usbd_cdc.c.obj)
 .text.USBD_CDC_EP0_RxReady
                0x0800f426       0x74 /home/carol_nasser/EcoDrive/build/lib/libstm32f4_platform.a(usbd_cdc.c.obj)
 *fill*         0x0800f49a        0x2 
 .text.USBD_CDC_GetFSCfgDesc
                0x0800f49c       0x70 /home/carol_nasser/EcoDrive/build/lib/libstm32f4_platform.a(usbd_cdc.c.obj)
 .text.USBD_CDC_GetHSCfgDesc
                0x0800f50c       0x70 /home/carol_nasser/EcoDrive/build/lib/libstm32f4_platform.a(usbd_cdc.c.obj)
 .text.USBD_CDC_GetOtherSpeedCfgDesc
                0x0800f57c       0x70 /home/carol_nasser/EcoDrive/build/lib/libstm32f4_platform.a(usbd_cdc.c.obj)
 .text.USBD_CDC_GetDeviceQualifierDescriptor
                0x0800f5ec       0x20 /home/carol_nasser/EcoDrive/build/lib/libstm32f4_platform.a(usbd_cdc.c.obj)
                0x0800f5ec                USBD_CDC_GetDeviceQualifierDescriptor
 .text.USBD_CDC_RegisterInterface
                0x0800f60c       0x34 /home/carol_nasser/EcoDrive/build/lib/libstm32f4_platform.a(usbd_cdc.c.obj)
                0x0800f60c                USBD_CDC_RegisterInterface
 .text.USBD_CDC_SetTxBuffer
                0x0800f640       0x44 /home/carol_nasser/EcoDrive/build/lib/libstm32f4_platform.a(usbd_cdc.c.obj)
                0x0800f640                USBD_CDC_SetTxBuffer
 .text.USBD_CDC_SetRxBuffer
                0x0800f684       0x3a /home/carol_nasser/EcoDrive/build/lib/libstm32f4_platform.a(usbd_cdc.c.obj)
                0x0800f684                USBD_CDC_SetRxBuffer
 *fill*         0x0800f6be        0x2 
 .text.USBD_CDC_TransmitPacket
                0x0800f6c0       0x80 /home/carol_nasser/EcoDrive/build/lib/libstm32f4_platform.a(usbd_cdc.c.obj)
                0x0800f6c0                USBD_CDC_TransmitPacket
 .text.USBD_CDC_ReceivePacket
                0x0800f740       0x6c /home/carol_nasser/EcoDrive/build/lib/libstm32f4_platform.a(usbd_cdc.c.obj)
                0x0800f740                USBD_CDC_ReceivePacket
 .text.vListInitialise
                0x0800f7ac       0x40 /home/carol_nasser/EcoDrive/build/lib/libstm32f4_platform.a(list.c.obj)
                0x0800f7ac                vListInitialise
 .text.vListInitialiseItem
                0x0800f7ec       0x1a /home/carol_nasser/EcoDrive/build/lib/libstm32f4_platform.a(list.c.obj)
                0x0800f7ec                vListInitialiseItem
 .text.vListInsertEnd
                0x0800f806       0x48 /home/carol_nasser/EcoDrive/build/lib/libstm32f4_platform.a(list.c.obj)
                0x0800f806                vListInsertEnd
 .text.vListInsert
                0x0800f84e       0x72 /home/carol_nasser/EcoDrive/build/lib/libstm32f4_platform.a(list.c.obj)
                0x0800f84e                vListInsert
 .text.uxListRemove
                0x0800f8c0       0x54 /home/carol_nasser/EcoDrive/build/lib/libstm32f4_platform.a(list.c.obj)
                0x0800f8c0                uxListRemove
 .text.USB_CoreInit
                0x0800f914       0xc8 /home/carol_nasser/EcoDrive/build/lib/libstm32f4_platform.a(stm32f4xx_ll_usb.c.obj)
                0x0800f914                USB_CoreInit
 .text.USB_SetTurnaroundTime
                0x0800f9dc      0x144 /home/carol_nasser/EcoDrive/build/lib/libstm32f4_platform.a(stm32f4xx_ll_usb.c.obj)
                0x0800f9dc                USB_SetTurnaroundTime
 .text.USB_EnableGlobalInt
                0x0800fb20       0x22 /home/carol_nasser/EcoDrive/build/lib/libstm32f4_platform.a(stm32f4xx_ll_usb.c.obj)
                0x0800fb20                USB_EnableGlobalInt
 .text.USB_DisableGlobalInt
                0x0800fb42       0x22 /home/carol_nasser/EcoDrive/build/lib/libstm32f4_platform.a(stm32f4xx_ll_usb.c.obj)
                0x0800fb42                USB_DisableGlobalInt
 .text.USB_SetCurrentMode
                0x0800fb64       0x98 /home/carol_nasser/EcoDrive/build/lib/libstm32f4_platform.a(stm32f4xx_ll_usb.c.obj)
                0x0800fb64                USB_SetCurrentMode
 .text.USB_DevInit
                0x0800fbfc      0x2c8 /home/carol_nasser/EcoDrive/build/lib/libstm32f4_platform.a(stm32f4xx_ll_usb.c.obj)
                0x0800fbfc                USB_DevInit
 .text.USB_FlushTxFifo
                0x0800fec4       0x64 /home/carol_nasser/EcoDrive/build/lib/libstm32f4_platform.a(stm32f4xx_ll_usb.c.obj)
                0x0800fec4                USB_FlushTxFifo
 .text.USB_FlushRxFifo
                0x0800ff28       0x5c /home/carol_nasser/EcoDrive/build/lib/libstm32f4_platform.a(stm32f4xx_ll_usb.c.obj)
                0x0800ff28                USB_FlushRxFifo
 .text.USB_SetDevSpeed
                0x0800ff84       0x32 /home/carol_nasser/EcoDrive/build/lib/libstm32f4_platform.a(stm32f4xx_ll_usb.c.obj)
                0x0800ff84                USB_SetDevSpeed
 .text.USB_GetDevSpeed
                0x0800ffb6       0x4a /home/carol_nasser/EcoDrive/build/lib/libstm32f4_platform.a(stm32f4xx_ll_usb.c.obj)
                0x0800ffb6                USB_GetDevSpeed
 .text.USB_ActivateEndpoint
                0x08010000      0x10e /home/carol_nasser/EcoDrive/build/lib/libstm32f4_platform.a(stm32f4xx_ll_usb.c.obj)
                0x08010000                USB_ActivateEndpoint
 *fill*         0x0801010e        0x2 
 .text.USB_DeactivateEndpoint
                0x08010110      0x1b8 /home/carol_nasser/EcoDrive/build/lib/libstm32f4_platform.a(stm32f4xx_ll_usb.c.obj)
                0x08010110                USB_DeactivateEndpoint
 .text.USB_EPStartXfer
                0x080102c8      0x53c /home/carol_nasser/EcoDrive/build/lib/libstm32f4_platform.a(stm32f4xx_ll_usb.c.obj)
                0x080102c8                USB_EPStartXfer
 .text.USB_EPStopXfer
                0x08010804      0x154 /home/carol_nasser/EcoDrive/build/lib/libstm32f4_platform.a(stm32f4xx_ll_usb.c.obj)
                0x08010804                USB_EPStopXfer
 .text.USB_WritePacket
                0x08010958       0x7c /home/carol_nasser/EcoDrive/build/lib/libstm32f4_platform.a(stm32f4xx_ll_usb.c.obj)
                0x08010958                USB_WritePacket
 .text.USB_ReadPacket
                0x080109d4       0xb0 /home/carol_nasser/EcoDrive/build/lib/libstm32f4_platform.a(stm32f4xx_ll_usb.c.obj)
                0x080109d4                USB_ReadPacket
 .text.USB_EPSetStall
                0x08010a84       0xdc /home/carol_nasser/EcoDrive/build/lib/libstm32f4_platform.a(stm32f4xx_ll_usb.c.obj)
                0x08010a84                USB_EPSetStall
 .text.USB_EPClearStall
                0x08010b60       0xcc /home/carol_nasser/EcoDrive/build/lib/libstm32f4_platform.a(stm32f4xx_ll_usb.c.obj)
                0x08010b60                USB_EPClearStall
 .text.USB_SetDevAddress
                0x08010c2c       0x4c /home/carol_nasser/EcoDrive/build/lib/libstm32f4_platform.a(stm32f4xx_ll_usb.c.obj)
                0x08010c2c                USB_SetDevAddress
 .text.USB_DevConnect
                0x08010c78       0x42 /home/carol_nasser/EcoDrive/build/lib/libstm32f4_platform.a(stm32f4xx_ll_usb.c.obj)
                0x08010c78                USB_DevConnect
 .text.USB_DevDisconnect
                0x08010cba       0x42 /home/carol_nasser/EcoDrive/build/lib/libstm32f4_platform.a(stm32f4xx_ll_usb.c.obj)
                0x08010cba                USB_DevDisconnect
 .text.USB_ReadInterrupts
                0x08010cfc       0x26 /home/carol_nasser/EcoDrive/build/lib/libstm32f4_platform.a(stm32f4xx_ll_usb.c.obj)
                0x08010cfc                USB_ReadInterrupts
 .text.USB_ReadDevAllOutEpInterrupt
                0x08010d22       0x34 /home/carol_nasser/EcoDrive/build/lib/libstm32f4_platform.a(stm32f4xx_ll_usb.c.obj)
                0x08010d22                USB_ReadDevAllOutEpInterrupt
 .text.USB_ReadDevAllInEpInterrupt
                0x08010d56       0x34 /home/carol_nasser/EcoDrive/build/lib/libstm32f4_platform.a(stm32f4xx_ll_usb.c.obj)
                0x08010d56                USB_ReadDevAllInEpInterrupt
 .text.USB_ReadDevOutEPInterrupt
                0x08010d8a       0x3c /home/carol_nasser/EcoDrive/build/lib/libstm32f4_platform.a(stm32f4xx_ll_usb.c.obj)
                0x08010d8a                USB_ReadDevOutEPInterrupt
 .text.USB_ReadDevInEPInterrupt
                0x08010dc6       0x5c /home/carol_nasser/EcoDrive/build/lib/libstm32f4_platform.a(stm32f4xx_ll_usb.c.obj)
                0x08010dc6                USB_ReadDevInEPInterrupt
 .text.USB_GetMode
                0x08010e22       0x1c /home/carol_nasser/EcoDrive/build/lib/libstm32f4_platform.a(stm32f4xx_ll_usb.c.obj)
                0x08010e22                USB_GetMode
 .text.USB_ActivateSetup
                0x08010e3e       0x46 /home/carol_nasser/EcoDrive/build/lib/libstm32f4_platform.a(stm32f4xx_ll_usb.c.obj)
                0x08010e3e                USB_ActivateSetup
 .text.USB_EP0_OutStart
                0x08010e84       0xbc /home/carol_nasser/EcoDrive/build/lib/libstm32f4_platform.a(stm32f4xx_ll_usb.c.obj)
                0x08010e84                USB_EP0_OutStart
 .text.USB_CoreReset
                0x08010f40       0x70 /home/carol_nasser/EcoDrive/build/lib/libstm32f4_platform.a(stm32f4xx_ll_usb.c.obj)
 .text.arm_float_to_q15
                0x08010fb0      0x13c /home/carol_nasser/EcoDrive/build/lib/libCMSISDSP.a(arm_float_to_q15.c.obj)
                0x08010fb0                arm_float_to_q15
 *(.glue_7)
 .glue_7        0x080110ec        0x0 linker stubs
 *(.glue_7t)
 .glue_7t       0x080110ec        0x0 linker stubs
 *(.eh_frame)
 .eh_frame      0x080110ec        0x0 /usr/lib/gcc/arm-none-eabi/13.2.1/thumb/v7e-m+fp/hard/crtbegin.o
 *(.init)